[  1%] Built target gguf_reader_test
[  2%] Built target strata-dequant
[  3%] Built target strata-gguf
[  3%] Built target strata-plan
[  6%] Built target strata_spec
[  6%] Built target gguf_split_test
[ 11%] Built target ggml-base
[ 12%] Built target bf16_bits_test
[ 13%] Built target strata_metal_kernels
[ 15%] Built target draft_policy_test
[ 15%] Built target coupled_draft_test
[ 16%] Built target controller_test
[ 17%] Built target suffix_drafter_test
[ 18%] Built target conv_cache_test
[ 22%] Built target strata_core
[ 30%] Built target ggml-cpu
[ 31%] Built target strata-device
[ 32%] Built target platform_memory_test
[ 32%] Building CXX object CMakeFiles/strata_kernels_cpu.dir/src/kernels/cpu/expert.cpp.o
[ 55%] Built target strata_kernels
[ 55%] Built target quantize_act_parity
[ 56%] Built target router_top10_parity
[ 56%] Built target elementwise_parity
[ 58%] Built target metal_smoke
[ 60%] Built target dequant_s2_parity
[ 62%] Built target s2_gemv_parity
[ 62%] Built target rope_parity
[ 63%] Built target cvec_parity
[ 64%] Built target gr_parity
[ 65%] Built target bf16_gemv_parity
[ 67%] Built target gdn_parity
[ 68%] Built target kv_q8_parity
[ 69%] Built target s_gemv_parity
[ 70%] Built target sampler_parity
[ 72%] Built target shared_expert_parity
[ 73%] Built target iq_parity
[ 74%] Built target qsa_parity
[ 74%] Built target kv_hybrid_parity
[ 75%] Built target qsa_prompt_attn_parity
[ 77%] Built target iq_multi_parity
[ 78%] Built target kv_q4_parity
[ 79%] Built target kv_stream_parity
[ 81%] Built target s2_expert_grouped_parity
[ 82%] Built target ple_parity
[ 82%] Built target s2_gemv_q8_parity
[ 82%] Built target mmvq_multi_parity
[ 83%] Built target strata_prefill
[ 84%] Linking CXX static library libstrata_kernels_cpu.a
[ 86%] Built target strata_kernels_cpu
[ 87%] Linking CXX executable expert_parity
[ 87%] Linking CXX executable pool_test
[ 87%] Linking CXX executable pool_stress
[ 88%] Linking CXX executable expert_multi_test
[ 88%] Built target expert_parity
[ 88%] Built target expert_multi_test
[ 89%] Built target pool_test
[ 89%] Built target pool_stress
[ 96%] Built target strata_engine
[ 96%] Linking CXX executable native_dense_ple_key_test
[ 96%] Linking CXX executable file_expert_source_test
[ 96%] Linking CXX executable expert_layout_test
[ 96%] Linking CXX executable strata
[ 96%] Linking CXX executable expert_cache_per_layer_test
[ 97%] Built target native_dense_ple_key_test
[ 97%] Built target file_expert_source_test
[ 98%] Built target expert_cache_per_layer_test
[ 98%] Built target strata
[100%] Built target expert_layout_test
