[  1%] Built target strata-plan
[  1%] Built target gguf_reader_test
[  3%] Built target strata-dequant
[  6%] Built target strata_spec
[  6%] Built target gguf_split_test
[  6%] Built target strata-gguf
[  6%] Building OBJCXX object CMakeFiles/strata_metal_kernels.dir/src/platform/metal_runtime.mm.o
[ 10%] Built target ggml-base
[ 10%] Built target bf16_bits_test
[ 12%] Built target draft_policy_test
[ 12%] Built target conv_cache_test
[ 13%] Built target controller_test
[ 13%] Built target coupled_draft_test
[ 15%] Built target suffix_drafter_test
[ 22%] Built target ggml-cpu
[ 25%] Built target strata_kernels_cpu
[ 25%] Linking CXX executable expert_parity
[ 25%] Linking CXX executable expert_q2_neon_test
[ 25%] Linking CXX executable pool_test
[ 25%] Linking CXX executable pool_stress
[ 26%] Linking CXX executable expert_multi_test
[ 27%] Built target expert_q2_neon_test
[ 27%] Built target expert_parity
[ 29%] Built target pool_test
[ 29%] Built target expert_multi_test
[ 29%] Built target pool_stress
/Users/liangxw/src/xproject/petproject/Strata/src/platform/metal_runtime.mm:246:26: warning: format specifies type 'size_t' (aka 'unsigned long') but the argument has type 'unsigned long long' [-Wformat]
  245 |             std::fprintf(stderr, a.buffer != nil ? " [%llu+%llu=%p]" : " [val%zu]",
      |                                                                              ~~~
      |                                                                              %llu
  246 |                          (unsigned long long) a.buffer.length, (unsigned long long) a.offset,
      |                          ^~~~~~~~~~~~~~~~~~~~~~~~~~~~~~~~~~~~
/Users/liangxw/src/xproject/petproject/Strata/src/platform/metal_runtime.mm:359:26: warning: format specifies type 'size_t' (aka 'unsigned long') but the argument has type 'unsigned long long' [-Wformat]
  358 |             std::fprintf(stderr, a.buffer != nil ? " buf%llu@%llu" : " val%zu",
      |                                                                           ~~~
      |                                                                           %llu
  359 |                          a.buffer != nil ? (unsigned long long) a.buffer.length
      |                          ^~~~~~~~~~~~~~~~~~~~~~~~~~~~~~~~~~~~~~~~~~~~~~~~~~~~~~
  360 |                                          : (unsigned long long) a.offset,
      |                                          ~~~~~~~~~~~~~~~~~~~~~~~~~~~~~~~
2 warnings generated.
[ 30%] Linking OBJCXX static library libstrata_metal_kernels.a
[ 31%] Built target strata_metal_kernels
[ 35%] Built target strata_core
[ 35%] Linking CXX executable platform_memory_test
[ 36%] Linking CXX executable strata-device
[ 36%] Building OBJCXX object CMakeFiles/strata_kernels.dir/src/kernels/metal/iq_kernels.mm.o
[ 37%] Built target platform_memory_test
[ 37%] Built target strata-device
[ 37%] Linking CXX static library libstrata_kernels.a
[ 59%] Built target strata_kernels
[ 59%] Linking CXX executable rope_parity
[ 59%] Linking CXX executable elementwise_parity
[ 59%] Linking CXX executable router_top10_parity
[ 59%] Linking CXX executable quantize_act_parity
[ 62%] Linking CXX executable s2_gemv_parity
[ 62%] Linking CXX executable dequant_s2_parity
[ 62%] Linking CXX executable kv_q8_parity
[ 62%] Building OBJCXX object CMakeFiles/metal_smoke.dir/src/platform/metal_smoke.mm.o
[ 63%] Built target router_top10_parity
[ 63%] Built target kv_q8_parity
[ 63%] Built target quantize_act_parity
[ 64%] Built target dequant_s2_parity
[ 64%] Built target rope_parity
[ 64%] Built target elementwise_parity
[ 64%] Built target s2_gemv_parity
[ 64%] Linking CXX executable cvec_parity
[ 64%] Linking CXX executable bf16_gemv_parity
[ 65%] Linking CXX executable gr_parity
[ 67%] Linking CXX executable sampler_parity
[ 67%] Linking CXX executable shared_expert_parity
[ 68%] Linking CXX executable gdn_parity
[ 68%] Linking CXX executable s_gemv_parity
[ 69%] Built target cvec_parity
[ 70%] Built target bf16_gemv_parity
[ 70%] Built target sampler_parity
[ 70%] Built target gdn_parity
[ 70%] Built target gr_parity
[ 70%] Built target shared_expert_parity
[ 72%] Built target s_gemv_parity
[ 72%] Building CXX object CMakeFiles/iq_parity.dir/src/kernels/iq_parity.cpp.o
[ 73%] Linking CXX executable qsa_prompt_attn_parity
[ 74%] Linking CXX executable kv_q4_parity
[ 74%] Linking CXX executable kv_hybrid_parity
[ 74%] Linking CXX executable qsa_parity
[ 74%] Linking CXX executable kv_stream_parity
[ 75%] Linking CXX executable iq_multi_parity
[ 75%] Built target qsa_prompt_attn_parity
[ 75%] Built target kv_q4_parity
[ 75%] Built target kv_stream_parity
[ 77%] Built target kv_hybrid_parity
[ 77%] Built target iq_multi_parity
[ 78%] Built target qsa_parity
[ 79%] Linking CXX executable ple_parity
[ 79%] Linking CXX executable s2_gemv_q8_parity
[ 79%] Building CXX object CMakeFiles/mmvq_multi_parity.dir/src/kernels/mmvq_multi_parity.cpp.o
[ 81%] Linking CXX executable s2_expert_grouped_parity
[ 82%] Built target strata_prefill
[ 83%] Linking CXX executable metal_smoke
[ 83%] Linking CXX executable metal_fused_gr_test
[ 89%] Built target strata_engine
[ 89%] Built target ple_parity
[ 89%] Built target s2_expert_grouped_parity
[ 91%] Built target s2_gemv_q8_parity
[ 91%] Linking CXX executable metal_gemm_test
[ 92%] Linking CXX executable file_expert_source_test
[ 93%] Linking CXX executable expert_layout_test
[ 93%] Linking CXX executable strata
[ 93%] Built target metal_smoke
[ 94%] Built target metal_fused_gr_test
[ 94%] Linking CXX executable native_dense_ple_key_test
[ 94%] Linking CXX executable expert_cache_per_layer_test
[ 96%] Built target metal_gemm_test
[ 96%] Built target expert_layout_test
[ 96%] Built target file_expert_source_test
[ 97%] Built target strata
[ 98%] Built target native_dense_ple_key_test
[100%] Built target expert_cache_per_layer_test
[100%] Linking CXX executable iq_parity
[100%] Linking CXX executable mmvq_multi_parity
[100%] Built target iq_parity
[100%] Built target mmvq_multi_parity
