[  3%] Built target strata-gguf
[  3%] Built target strata-dequant
[  5%] Built target strata-plan
[  6%] Built target strata_spec
[  6%] Built target gguf_reader_test
[  6%] Built target gguf_split_test
[ 10%] Built target ggml-base
[ 12%] Built target strata_metal_kernels
[ 12%] Built target bf16_bits_test
[ 13%] Built target conv_cache_test
[ 15%] Built target draft_policy_test
[ 15%] Built target coupled_draft_test
[ 16%] Built target controller_test
[ 17%] Built target suffix_drafter_test
[ 21%] Built target strata_core
[ 29%] Built target ggml-cpu
[ 30%] Built target platform_memory_test
[ 31%] Built target strata-device
[ 34%] Built target strata_kernels_cpu
[ 55%] Built target strata_kernels
[ 56%] Built target expert_parity
[ 56%] Built target expert_q2_neon_test
[ 59%] Built target expert_multi_test
[ 59%] Built target pool_stress
[ 59%] Built target pool_test
[ 60%] Built target elementwise_parity
[ 60%] Built target metal_smoke
[ 62%] Built target dequant_s2_parity
[ 62%] Built target quantize_act_parity
[ 63%] Built target router_top10_parity
[ 64%] Built target rope_parity
[ 65%] Built target kv_q8_parity
[ 65%] Built target s2_gemv_parity
[ 68%] Built target cvec_parity
[ 68%] Built target bf16_gemv_parity
[ 69%] Built target gr_parity
[ 70%] Built target gdn_parity
[ 72%] Built target sampler_parity
[ 73%] Built target s_gemv_parity
[ 73%] Built target shared_expert_parity
[ 73%] Built target iq_parity
[ 74%] Built target iq_multi_parity
[ 77%] Built target qsa_parity
[ 77%] Built target qsa_prompt_attn_parity
[ 78%] Built target kv_q4_parity
[ 79%] Built target kv_hybrid_parity
[ 79%] Built target kv_stream_parity
[ 81%] Built target s2_expert_grouped_parity
[ 82%] Built target ple_parity
[ 83%] Built target s2_gemv_q8_parity
[ 84%] Built target metal_fused_gr_test
[ 84%] Built target mmvq_multi_parity
[ 86%] Built target strata_prefill
[ 92%] Built target strata_engine
[ 93%] Built target metal_gemm_test
[ 94%] Built target expert_cache_per_layer_test
[ 98%] Built target native_dense_ple_key_test
[ 98%] Built target expert_layout_test
[ 98%] Built target file_expert_source_test
[100%] Building CXX object CMakeFiles/strata.dir/src/program/generate.cpp.o
In file included from /Users/liangxw/src/xproject/petproject/Strata/src/program/generate.cpp:22:
/Users/liangxw/src/xproject/petproject/Strata/include/strata/core/expert_source.hpp:610:13: warning: 'reads' overrides a member function but is not marked 'override' [-Winconsistent-missing-override]
  610 |     int64_t reads() const { return reads_; }
      |             ^
/Users/liangxw/src/xproject/petproject/Strata/include/strata/core/expert_source.hpp:113:21: note: overridden virtual function is here
  113 |     virtual int64_t reads() const { return 0; }
      |                     ^
/Users/liangxw/src/xproject/petproject/Strata/src/program/generate.cpp:818:5: warning: unused function 'argmax' [-Wunused-function]
  818 | int argmax(const std::vector<float>& v) {
      |     ^~~~~~
2 warnings generated.
[100%] Linking CXX executable strata
[100%] Built target strata
