[  2%] Strata Metal: compiling /Users/liangxw/src/xproject/petproject/Strata/src/kernels/metal/bf16_gemv.metal;/Users/liangxw/src/xproject/petproject/Strata/src/kernels/metal/cvec.metal;/Users/liangxw/src/xproject/petproject/Strata/src/kernels/metal/dequant_bf16.metal;/Users/liangxw/src/xproject/petproject/Strata/src/kernels/metal/dequant_s2.metal;/Users/liangxw/src/xproject/petproject/Strata/src/kernels/metal/elementwise.metal;/Users/liangxw/src/xproject/petproject/Strata/src/kernels/metal/fused_gdn.metal;/Users/liangxw/src/xproject/petproject/Strata/src/kernels/metal/fused_gr.metal;/Users/liangxw/src/xproject/petproject/Strata/src/kernels/metal/gdn.metal;/Users/liangxw/src/xproject/petproject/Strata/src/kernels/metal/gr.metal;/Users/liangxw/src/xproject/petproject/Strata/src/kernels/metal/iq_kernels.metal;/Users/liangxw/src/xproject/petproject/Strata/src/kernels/metal/kv_q4.metal;/Users/liangxw/src/xproject/petproject/Strata/src/kernels/metal/kv_q8.metal;/Users/liangxw/src/xproject/petproject/Strata/src/kernels/metal/kv_stream.metal;/Users/liangxw/src/xproject/petproject/Strata/src/kernels/metal/native_flash_attn.metal;/Users/liangxw/src/xproject/petproject/Strata/src/kernels/metal/native_gdn.metal;/Users/liangxw/src/xproject/petproject/Strata/src/kernels/metal/native_gdn_preprocess.metal;/Users/liangxw/src/xproject/petproject/Strata/src/kernels/metal/native_gr.metal;/Users/liangxw/src/xproject/petproject/Strata/src/kernels/metal/native_mmvq.metal;/Users/liangxw/src/xproject/petproject/Strata/src/kernels/metal/native_moe.metal;/Users/liangxw/src/xproject/petproject/Strata/src/kernels/metal/native_ple_postops.metal;/Users/liangxw/src/xproject/petproject/Strata/src/kernels/metal/native_qsa.metal;/Users/liangxw/src/xproject/petproject/Strata/src/kernels/metal/native_qsa_indexer.metal;/Users/liangxw/src/xproject/petproject/Strata/src/kernels/metal/native_qsa_score.metal;/Users/liangxw/src/xproject/petproject/Strata/src/kernels/metal/native_rope.metal;/Users/liangxw/src/xproject/petproject/Strata/src/kernels/metal/native_router.metal;/Users/liangxw/src/xproject/petproject/Strata/src/kernels/metal/ple.metal;/Users/liangxw/src/xproject/petproject/Strata/src/kernels/metal/poison.metal;/Users/liangxw/src/xproject/petproject/Strata/src/kernels/metal/prefill.metal;/Users/liangxw/src/xproject/petproject/Strata/src/kernels/metal/qsa.metal;/Users/liangxw/src/xproject/petproject/Strata/src/kernels/metal/qsa_decode_attn.metal;/Users/liangxw/src/xproject/petproject/Strata/src/kernels/metal/qsa_prompt_attn.metal;/Users/liangxw/src/xproject/petproject/Strata/src/kernels/metal/qsa_select.metal;/Users/liangxw/src/xproject/petproject/Strata/src/kernels/metal/quantize_act.metal;/Users/liangxw/src/xproject/petproject/Strata/src/kernels/metal/rope.metal;/Users/liangxw/src/xproject/petproject/Strata/src/kernels/metal/router_top10.metal;/Users/liangxw/src/xproject/petproject/Strata/src/kernels/metal/s2_expert_grouped.metal;/Users/liangxw/src/xproject/petproject/Strata/src/kernels/metal/s2_gemv.metal;/Users/liangxw/src/xproject/petproject/Strata/src/kernels/metal/s2_gemv_fast.metal;/Users/liangxw/src/xproject/petproject/Strata/src/kernels/metal/s2_gemv_q8.metal;/Users/liangxw/src/xproject/petproject/Strata/src/kernels/metal/s2_gemv_quads.metal;/Users/liangxw/src/xproject/petproject/Strata/src/kernels/metal/s_gemv.metal;/Users/liangxw/src/xproject/petproject/Strata/src/kernels/metal/sampler.metal;/Users/liangxw/src/xproject/petproject/Strata/src/kernels/metal/shared_expert.metal;/Users/liangxw/src/xproject/petproject/Strata/src/kernels/metal/verify_kernels.metal
[  7%] Built target strata_spec
[ 14%] Built target ggml-base
[ 28%] Built target ggml-cpu
[ 33%] Built target strata_kernels_cpu
/Users/liangxw/src/xproject/petproject/Strata/src/kernels/metal/bf16_gemv.metal:70:15: warning: comparison of integers of different signs: 'uint' (aka 'unsigned int') and 'int' [-Wsign-compare]
        if (t < off) scratch[t] += scratch[t + off];
            ~ ^ ~~~
1 warning generated.
/Users/liangxw/src/xproject/petproject/Strata/src/kernels/metal/elementwise.metal:174:9: warning: variable 'hit' is used uninitialized whenever 'if' condition is false [-Wsometimes-uninitialized]
    if (t_in_tg == 0) {
        ^~~~~~~~~~~~
/Users/liangxw/src/xproject/petproject/Strata/src/kernels/metal/elementwise.metal:182:9: note: uninitialized use occurs here
    if (hit) {
        ^~~
/Users/liangxw/src/xproject/petproject/Strata/src/kernels/metal/elementwise.metal:174:5: note: remove the 'if' if its condition is always true
    if (t_in_tg == 0) {
    ^~~~~~~~~~~~~~~~~~
/Users/liangxw/src/xproject/petproject/Strata/src/kernels/metal/elementwise.metal:173:24: note: initialize the variable 'hit' to silence this warning
    threadgroup int hit;
                       ^
                        = 0
1 warning generated.
/Users/liangxw/src/xproject/petproject/Strata/src/kernels/metal/gr.metal:7:20: warning: unused variable 'GR_THREADS' [-Wunused-const-variable]
constant const int GR_THREADS = 256;
                   ^
1 warning generated.
/Users/liangxw/src/xproject/petproject/Strata/src/kernels/metal/qsa.metal:299:9: warning: variable 's_cgt' is used uninitialized whenever 'if' condition is false [-Wsometimes-uninitialized]
    if (t == 0) {
        ^~~~~~
/Users/liangxw/src/xproject/petproject/Strata/src/kernels/metal/qsa.metal:313:36: note: uninitialized use occurs here
    const long eq_budget = width - s_cgt;
                                   ^~~~~
/Users/liangxw/src/xproject/petproject/Strata/src/kernels/metal/qsa.metal:299:5: note: remove the 'if' if its condition is always true
    if (t == 0) {
    ^~~~~~~~~~~~
/Users/liangxw/src/xproject/petproject/Strata/src/kernels/metal/qsa.metal:265:27: note: initialize the variable 's_cgt' to silence this warning
    threadgroup long s_cgt;
                          ^
                           = 0
1 warning generated.
/Users/liangxw/src/xproject/petproject/Strata/src/kernels/metal/qsa_decode_attn.metal:207:1: warning: comparison of integers of different signs: 'uint' (aka 'unsigned int') and 'const int' [-Wsign-compare]
DA_CHUNK_KERNEL(attn_chunk_kernel_m0, 0)
^~~~~~~~~~~~~~~~~~~~~~~~~~~~~~~~~~~~~~~~
/Users/liangxw/src/xproject/petproject/Strata/src/kernels/metal/qsa_decode_attn.metal:204:9: note: expanded from macro 'DA_CHUNK_KERNEL'
        DA_CHUNK_BODY(KV_MODE)                                                                        \
        ^~~~~~~~~~~~~~~~~~~~~~
/Users/liangxw/src/xproject/petproject/Strata/src/kernels/metal/qsa_decode_attn.metal:115:15: note: expanded from macro 'DA_CHUNK_BODY'
        if (t < n_here) {                                                                             \
            ~ ^ ~~~~~~
/Users/liangxw/src/xproject/petproject/Strata/src/kernels/metal/qsa_decode_attn.metal:208:1: warning: comparison of integers of different signs: 'uint' (aka 'unsigned int') and 'const int' [-Wsign-compare]
DA_CHUNK_KERNEL(attn_chunk_kernel_m1, 1)
^~~~~~~~~~~~~~~~~~~~~~~~~~~~~~~~~~~~~~~~
/Users/liangxw/src/xproject/petproject/Strata/src/kernels/metal/qsa_decode_attn.metal:204:9: note: expanded from macro 'DA_CHUNK_KERNEL'
        DA_CHUNK_BODY(KV_MODE)                                                                        \
        ^~~~~~~~~~~~~~~~~~~~~~
/Users/liangxw/src/xproject/petproject/Strata/src/kernels/metal/qsa_decode_attn.metal:115:15: note: expanded from macro 'DA_CHUNK_BODY'
        if (t < n_here) {                                                                             \
            ~ ^ ~~~~~~
/Users/liangxw/src/xproject/petproject/Strata/src/kernels/metal/qsa_decode_attn.metal:209:1: warning: comparison of integers of different signs: 'uint' (aka 'unsigned int') and 'const int' [-Wsign-compare]
DA_CHUNK_KERNEL(attn_chunk_kernel_m2, 2)
^~~~~~~~~~~~~~~~~~~~~~~~~~~~~~~~~~~~~~~~
/Users/liangxw/src/xproject/petproject/Strata/src/kernels/metal/qsa_decode_attn.metal:204:9: note: expanded from macro 'DA_CHUNK_KERNEL'
        DA_CHUNK_BODY(KV_MODE)                                                                        \
        ^~~~~~~~~~~~~~~~~~~~~~
/Users/liangxw/src/xproject/petproject/Strata/src/kernels/metal/qsa_decode_attn.metal:115:15: note: expanded from macro 'DA_CHUNK_BODY'
        if (t < n_here) {                                                                             \
            ~ ^ ~~~~~~
/Users/liangxw/src/xproject/petproject/Strata/src/kernels/metal/qsa_decode_attn.metal:210:1: warning: comparison of integers of different signs: 'uint' (aka 'unsigned int') and 'const int' [-Wsign-compare]
DA_CHUNK_KERNEL(attn_chunk_kernel_m3, 3)
^~~~~~~~~~~~~~~~~~~~~~~~~~~~~~~~~~~~~~~~
/Users/liangxw/src/xproject/petproject/Strata/src/kernels/metal/qsa_decode_attn.metal:204:9: note: expanded from macro 'DA_CHUNK_KERNEL'
        DA_CHUNK_BODY(KV_MODE)                                                                        \
        ^~~~~~~~~~~~~~~~~~~~~~
/Users/liangxw/src/xproject/petproject/Strata/src/kernels/metal/qsa_decode_attn.metal:115:15: note: expanded from macro 'DA_CHUNK_BODY'
        if (t < n_here) {                                                                             \
            ~ ^ ~~~~~~
4 warnings generated.
/Users/liangxw/src/xproject/petproject/Strata/src/kernels/metal/qsa_prompt_attn.metal:179:1: warning: comparison of integers of different signs: 'uint' (aka 'unsigned int') and 'const int' [-Wsign-compare]
PA_KERNEL(prompt_attn_kernel_m0, 0)   // FP16 pools
^~~~~~~~~~~~~~~~~~~~~~~~~~~~~~~~~~~
/Users/liangxw/src/xproject/petproject/Strata/src/kernels/metal/qsa_prompt_attn.metal:111:23: note: expanded from macro 'PA_KERNEL'
                if (t < nh) {                                                                         \
                    ~ ^ ~~
/Users/liangxw/src/xproject/petproject/Strata/src/kernels/metal/qsa_prompt_attn.metal:180:1: warning: comparison of integers of different signs: 'uint' (aka 'unsigned int') and 'const int' [-Wsign-compare]
PA_KERNEL(prompt_attn_kernel_m1, 1)   // INT8 codes + fp16 scales per 64
^~~~~~~~~~~~~~~~~~~~~~~~~~~~~~~~~~~
/Users/liangxw/src/xproject/petproject/Strata/src/kernels/metal/qsa_prompt_attn.metal:111:23: note: expanded from macro 'PA_KERNEL'
                if (t < nh) {                                                                         \
                    ~ ^ ~~
/Users/liangxw/src/xproject/petproject/Strata/src/kernels/metal/qsa_prompt_attn.metal:181:1: warning: comparison of integers of different signs: 'uint' (aka 'unsigned int') and 'const int' [-Wsign-compare]
PA_KERNEL(prompt_attn_kernel_m3, 3)   // hybrid K8V4: INT8 K, V dequantized from q4_0 through fp16
^~~~~~~~~~~~~~~~~~~~~~~~~~~~~~~~~~~
/Users/liangxw/src/xproject/petproject/Strata/src/kernels/metal/qsa_prompt_attn.metal:111:23: note: expanded from macro 'PA_KERNEL'
                if (t < nh) {                                                                         \
                    ~ ^ ~~
3 warnings generated.
/Users/liangxw/src/xproject/petproject/Strata/src/kernels/metal/router_top10.metal:66:9: warning: variable 's_inv' is used uninitialized whenever 'if' condition is false [-Wsometimes-uninitialized]
    if (tid == 0) {
        ^~~~~~~~
/Users/liangxw/src/xproject/petproject/Strata/src/kernels/metal/router_top10.metal:72:23: note: uninitialized use occurs here
    const float inv = s_inv;
                      ^~~~~
/Users/liangxw/src/xproject/petproject/Strata/src/kernels/metal/router_top10.metal:66:5: note: remove the 'if' if its condition is always true
    if (tid == 0) {
    ^~~~~~~~~~~~~~
/Users/liangxw/src/xproject/petproject/Strata/src/kernels/metal/router_top10.metal:44:28: note: initialize the variable 's_inv' to silence this warning
    threadgroup float s_inv;
                           ^
                            = 0.0
/Users/liangxw/src/xproject/petproject/Strata/src/kernels/metal/router_top10.metal:16:20: warning: unused variable 'RT_MAX_THREADS' [-Wunused-const-variable]
constant const int RT_MAX_THREADS = 512;
                   ^
2 warnings generated.
[ 33%] Strata Metal: embedding strata.metallib
[ 33%] Building OBJCXX object CMakeFiles/strata_metal_kernels.dir/generated/strata_metallib.mm.o
[ 35%] Linking OBJCXX static library libstrata_metal_kernels.a
[ 35%] Built target strata_metal_kernels
[ 42%] Built target strata_core
[ 83%] Built target strata_kernels
[ 85%] Built target strata_prefill
[ 97%] Built target strata_engine
[ 97%] Linking CXX executable strata
[100%] Built target strata
[  8%] Built target strata_metal_kernels
[ 20%] Built target strata_core
[ 91%] Built target strata_kernels
[ 95%] Built target strata_prefill
[ 95%] Linking CXX executable metal_gemm_test
[100%] Built target metal_gemm_test
[  9%] Built target strata_metal_kernels
[ 22%] Built target strata_core
[100%] Built target strata_kernels
[100%] Linking CXX executable iq_parity
[100%] Built target iq_parity
[  8%] Built target strata_metal_kernels
[ 21%] Built target strata_core
[ 95%] Built target strata_kernels
[100%] Linking CXX executable iq_multi_parity
[100%] Built target iq_multi_parity
