[  3%] Built target strata_spec
[  3%] Built target strata-plan
[  5%] Built target strata-dequant
[  5%] Built target strata-gguf
[  5%] Built target gguf_reader_test
[  6%] Built target gguf_split_test
[ 10%] Built target ggml-base
[ 12%] Built target strata_metal_kernels
[ 12%] Built target bf16_bits_test
[ 13%] Built target controller_test
[ 15%] Built target draft_policy_test
[ 16%] Built target conv_cache_test
[ 17%] Built target suffix_drafter_test
[ 17%] Built target coupled_draft_test
[ 21%] Built target strata_core
[ 29%] Built target ggml-cpu
[ 29%] Linking CXX executable platform_memory_test
[ 30%] Linking CXX executable strata-device
[ 32%] Built target strata_kernels_cpu
[ 54%] Built target strata_kernels
[ 54%] Built target expert_parity
[ 55%] Built target expert_multi_test
[ 55%] Built target pool_stress
[ 56%] Built target expert_q2_neon_test
[ 58%] Built target pool_test
[ 58%] Linking CXX executable elementwise_parity
[ 59%] Linking CXX executable metal_smoke
[ 60%] Built target platform_memory_test
[ 60%] Linking CXX executable quantize_act_parity
[ 62%] Linking CXX executable router_top10_parity
[ 62%] Linking CXX executable dequant_s2_parity
[ 62%] Built target strata-device
[ 62%] Linking CXX executable s2_gemv_parity
[ 62%] Linking CXX executable rope_parity
[ 63%] Linking CXX executable kv_q8_parity
[ 64%] Built target router_top10_parity
[ 64%] Built target s2_gemv_parity
[ 64%] Built target metal_smoke
[ 64%] Built target dequant_s2_parity
[ 64%] Built target quantize_act_parity
[ 64%] Built target elementwise_parity
[ 65%] Built target rope_parity
[ 65%] Linking CXX executable bf16_gemv_parity
[ 65%] Built target kv_q8_parity
[ 65%] Linking CXX executable cvec_parity
[ 67%] Linking CXX executable gdn_parity
[ 68%] Linking CXX executable gr_parity
[ 69%] Linking CXX executable sampler_parity
[ 69%] Linking CXX executable s_gemv_parity
[ 69%] Linking CXX executable shared_expert_parity
[ 69%] Built target iq_parity
[ 70%] Built target iq_multi_parity
[ 72%] Built target bf16_gemv_parity
[ 73%] Built target cvec_parity
[ 73%] Built target gr_parity
[ 73%] Built target gdn_parity
[ 73%] Built target sampler_parity
[ 74%] Built target s_gemv_parity
[ 74%] Linking CXX executable qsa_parity
[ 74%] Built target shared_expert_parity
[ 75%] Linking CXX executable kv_q4_parity
[ 75%] Linking CXX executable kv_stream_parity
[ 75%] Linking CXX executable kv_hybrid_parity
[ 77%] Linking CXX executable s2_expert_grouped_parity
[ 78%] Linking CXX executable qsa_prompt_attn_parity
[ 79%] Linking CXX executable ple_parity
[ 79%] Linking CXX executable s2_gemv_q8_parity
[ 79%] Built target kv_stream_parity
[ 81%] Built target s2_expert_grouped_parity
[ 81%] Built target qsa_parity
[ 82%] Built target kv_hybrid_parity
[ 82%] Built target qsa_prompt_attn_parity
[ 82%] Built target kv_q4_parity
[ 82%] Built target ple_parity
[ 83%] Linking CXX executable metal_fused_gr_test
[ 83%] Built target s2_gemv_q8_parity
[ 83%] Building CXX object CMakeFiles/mmvq_multi_parity.dir/src/kernels/mmvq_multi_parity.cpp.o
[ 84%] Built target strata_prefill
[ 91%] Built target strata_engine
[ 92%] Building CXX object CMakeFiles/metal_gemm_test.dir/tests/core/metal_gemm_test.cpp.o
[ 92%] Linking CXX executable expert_cache_per_layer_test
[ 93%] Built target strata
[ 94%] Linking CXX executable file_expert_source_test
[ 96%] Linking CXX executable expert_layout_test
[ 96%] Linking CXX executable native_dense_ple_key_test
[ 97%] Built target metal_fused_gr_test
[ 98%] Built target expert_cache_per_layer_test
[ 98%] Built target expert_layout_test
[100%] Built target native_dense_ple_key_test
[100%] Built target file_expert_source_test
[100%] Linking CXX executable mmvq_multi_parity
[100%] Linking CXX executable metal_gemm_test
[100%] Built target mmvq_multi_parity
[100%] Built target metal_gemm_test
