[  2%] Built target strata-gguf
[  3%] Built target strata_spec
[  6%] Built target gguf_reader_test
[  6%] Built target gguf_split_test
[  6%] Built target strata-plan
[  6%] Built target strata-dequant
[ 10%] Built target ggml-base
[ 12%] Built target strata_metal_kernels
[ 12%] Built target bf16_bits_test
[ 12%] Built target coupled_draft_test
[ 13%] Built target conv_cache_test
[ 15%] Built target controller_test
[ 16%] Built target draft_policy_test
[ 17%] Built target suffix_drafter_test
[ 21%] Built target strata_core
[ 29%] Built target ggml-cpu
[ 30%] Built target strata-device
[ 31%] Built target platform_memory_test
[ 34%] Built target strata_kernels_cpu
[ 55%] Built target strata_kernels
[ 55%] Built target expert_parity
[ 56%] Built target pool_test
[ 58%] Built target expert_q2_neon_test
[ 59%] Built target expert_multi_test
[ 59%] Built target pool_stress
[ 60%] Built target elementwise_parity
[ 62%] Built target dequant_s2_parity
[ 62%] Built target metal_smoke
[ 62%] Built target quantize_act_parity
[ 63%] Built target kv_q8_parity
[ 65%] Built target rope_parity
[ 65%] Built target router_top10_parity
[ 65%] Built target s2_gemv_parity
[ 67%] Built target gr_parity
[ 68%] Built target bf16_gemv_parity
[ 69%] Built target cvec_parity
[ 70%] Built target gdn_parity
[ 72%] Built target sampler_parity
[ 72%] Built target shared_expert_parity
[ 73%] Built target s_gemv_parity
[ 73%] Built target iq_parity
[ 74%] Built target qsa_parity
[ 75%] Built target qsa_prompt_attn_parity
[ 77%] Built target iq_multi_parity
[ 78%] Built target kv_q4_parity
[ 81%] Built target kv_hybrid_parity
[ 81%] Built target ple_parity
[ 81%] Built target kv_stream_parity
[ 82%] Built target s2_expert_grouped_parity
[ 82%] Built target mmvq_multi_parity
[ 83%] Built target s2_gemv_q8_parity
[ 84%] Built target metal_fused_gr_test
[ 86%] Built target strata_prefill
[ 87%] Built target metal_gemm_test
[ 93%] Built target strata_engine
[ 94%] Built target expert_cache_per_layer_test
[100%] Built target expert_layout_test
[100%] Built target strata
[100%] Built target file_expert_source_test
[100%] Built target native_dense_ple_key_test
