[  1%] Built target strata-plan
[  2%] Built target gguf_reader_test
[  2%] Built target strata-dequant
[  2%] Built target strata-gguf
[  3%] Built target gguf_split_test
[  6%] Built target strata_spec
[  8%] Built target strata_metal_kernels
[ 12%] Built target ggml-base
[ 12%] Built target bf16_bits_test
[ 13%] Built target conv_cache_test
[ 15%] Built target controller_test
[ 16%] Built target draft_policy_test
[ 16%] Built target coupled_draft_test
[ 17%] Built target suffix_drafter_test
[ 21%] Built target strata_core
[ 29%] Built target ggml-cpu
[ 30%] Built target platform_memory_test
[ 31%] Built target strata-device
[ 34%] Built target strata_kernels_cpu
[ 55%] Built target strata_kernels
[ 55%] Built target expert_parity
[ 56%] Built target expert_q2_neon_test
[ 58%] Built target pool_test
[ 59%] Built target expert_multi_test
[ 59%] Built target pool_stress
[ 60%] Built target metal_smoke
[ 60%] Built target elementwise_parity
[ 62%] Built target dequant_s2_parity
[ 62%] Built target quantize_act_parity
[ 63%] Built target router_top10_parity
[ 64%] Built target rope_parity
[ 64%] Built target s2_gemv_parity
[ 65%] Built target kv_q8_parity
[ 69%] Built target gr_parity
[ 69%] Built target bf16_gemv_parity
[ 69%] Built target cvec_parity
[ 70%] Built target gdn_parity
[ 72%] Built target sampler_parity
[ 72%] Built target iq_parity
[ 72%] Built target shared_expert_parity
[ 73%] Built target s_gemv_parity
[ 73%] Building CXX object CMakeFiles/iq_multi_parity.dir/src/kernels/iq_multi_parity.cpp.o
[ 74%] Built target qsa_parity
[ 75%] Built target qsa_prompt_attn_parity
[ 78%] Built target kv_hybrid_parity
[ 78%] Built target kv_q4_parity
[ 78%] Built target kv_stream_parity
[ 81%] Built target ple_parity
[ 81%] Built target s2_expert_grouped_parity
[ 81%] Built target mmvq_multi_parity
[ 82%] Built target s2_gemv_q8_parity
[ 83%] Built target metal_fused_gr_test
[ 84%] Built target strata_prefill
[ 91%] Built target strata_engine
[ 92%] Built target metal_gemm_test
[ 93%] Built target expert_cache_per_layer_test
[ 94%] Built target native_dense_ple_key_test
[ 97%] Built target strata
[ 97%] Built target expert_layout_test
[ 98%] Built target file_expert_source_test
/Users/liangxw/src/xproject/petproject/Strata/src/kernels/iq_multi_parity.cpp:259:22: warning: variable 'written' set but not used [-Wunused-but-set-variable]
  259 |     size_t diff = 0, written = 0;
      |                      ^
1 warning generated.
[100%] Linking CXX executable iq_multi_parity
[100%] Built target iq_multi_parity
