K,N,variant,us,GB/s,bitdiff
2560,248320,native_iq4_xs_mmvq_kernel,3899.73,86.6,0
2560,248320,native_iq4_xs_expanded,2384.79,274.9,0
2560,248320,native_iq4_xs_direct_r4,2307.03,146.4,0
2560,248320,vsr44,1934.85,174.5,0
2560,248320,v105,7399.73,45.6,0
2560,248320,v116,3303.79,102.2,0
2560,248320,v118,3618.96,93.3,0
2560,248320,vtg,3020.03,111.8,0
2560,248320,vdf_tg,2100.84,160.8,0
2560,248320,vpair,2160.34,156.3,0
2560,248320,vdf_r1,2532.69,133.3,0
2560,248320,vdf_r2,2343.21,144.1,0
2560,248320,vdf_r8,2203.25,153.3,0
2560,10240,native_iq4_xs_mmvq_kernel,168.74,82.5,0
2560,10240,native_iq4_xs_expanded,99.83,270.8,0
2560,10240,native_iq4_xs_direct_r4,97.84,142.3,0
2560,10240,vsr44,84.88,164.1,0
2560,10240,v105,296.67,46.9,0
2560,10240,v116,135.32,102.9,0
2560,10240,v118,148.14,94.0,0
2560,10240,vtg,128.83,108.1,0
2560,10240,vdf_tg,91.29,152.6,0
2560,10240,vpair,92.70,150.2,0
2560,10240,vdf_r1,107.93,129.0,0
2560,10240,vdf_r2,97.66,142.6,0
2560,10240,vdf_r8,96.41,144.4,0
2560,6144,native_iq4_xs_mmvq_kernel,98.22,85.1,0
2560,6144,native_iq4_xs_expanded,58.29,278.3,0
2560,6144,native_iq4_xs_direct_r4,56.17,148.8,0
2560,6144,vsr44,50.04,167.0,0
2560,6144,v105,174.87,47.8,0
2560,6144,v116,84.86,98.5,0
2560,6144,v118,90.86,92.0,0
2560,6144,vtg,77.81,107.4,0
2560,6144,vdf_tg,53.82,155.3,0
2560,6144,vpair,55.06,151.8,0
2560,6144,vdf_r1,64.24,130.1,0
2560,6144,vdf_r2,59.30,140.9,0
2560,6144,vdf_r8,60.01,139.2,0
2560,2560,native_iq4_xs_mmvq_kernel,52.92,65.8,0
2560,2560,native_iq4_xs_expanded,33.94,199.1,0
2560,2560,native_iq4_xs_direct_r4,26.88,129.5,0
2560,2560,vsr44,30.51,114.1,0
2560,2560,v105,86.30,40.3,0
2560,2560,v116,43.43,80.2,0
2560,2560,v118,50.60,68.8,0
2560,2560,vtg,39.23,88.7,0
2560,2560,vdf_tg,26.49,131.4,0
2560,2560,vpair,28.77,121.0,0
2560,2560,vdf_r1,31.63,110.1,0
2560,2560,vdf_r2,28.99,120.1,0
2560,2560,vdf_r8,30.80,113.0,0
6144,2560,native_iq4_xs_mmvq_kernel,87.83,95.1,0
6144,2560,native_iq4_xs_expanded,54.78,296.1,0
6144,2560,native_iq4_xs_direct_r4,57.93,144.3,0
6144,2560,vsr44,57.25,146.0,0
6144,2560,v105,161.71,51.7,0
6144,2560,v116,76.99,108.5,0
6144,2560,v118,80.65,103.6,0
6144,2560,vtg,74.62,112.0,0
6144,2560,vdf_tg,59.86,139.6,0
6144,2560,vpair,53.56,156.0,0
6144,2560,vdf_r1,59.90,139.5,0
6144,2560,vdf_r2,54.90,152.2,0
6144,2560,vdf_r8,62.82,133.0,0
10240,2560,native_iq4_xs_mmvq_kernel,140.61,99.0,0
10240,2560,native_iq4_xs_expanded,90.72,298.0,0
10240,2560,native_iq4_xs_direct_r4,83.46,166.9,0
10240,2560,vsr44,87.89,158.5,0
10240,2560,v105,263.28,52.9,0
10240,2560,v116,117.30,118.7,0
10240,2560,v118,134.14,103.8,0
10240,2560,vtg,120.19,115.9,0
10240,2560,vdf_tg,91.12,152.8,0
10240,2560,vpair,83.16,167.5,0
10240,2560,vdf_r1,93.33,149.2,0
10240,2560,vdf_r2,90.38,154.1,0
10240,2560,vdf_r8,92.84,150.0,0
2560,640,native_iq4_xs_mmvq_kernel,13.10,66.4,0
2560,640,native_iq4_xs_expanded,8.97,188.3,0
2560,640,native_iq4_xs_direct_r4,7.62,114.3,0
2560,640,vsr44,14.98,58.1,0
2560,640,v105,20.15,43.2,0
2560,640,v116,10.88,80.0,0
2560,640,v118,11.77,74.0,0
2560,640,vtg,10.75,80.9,0
2560,640,vdf_tg,7.39,117.7,0
2560,640,vpair,7.44,117.0,0
2560,640,vdf_r1,7.62,114.2,0
2560,640,vdf_r2,7.86,110.7,0
2560,640,vdf_r8,11.77,73.9,0
