type,M,N,K,beta,kernel,us,TFLOPS,bitdiff
f16,1024,10240,2560,0,pfl_gemm_f16,21902.7,2.45,0
f16,1024,10240,2560,0,pg_f16_64x64,8620.7,6.23,0
f16,1024,10240,2560,0,pq_f16p_64x64_22,8611.0,6.23,0
f16,1024,10240,2560,0,pq_f16p_128x64_42,8831.7,6.08,0
f16,1024,2560,6144,0,pfl_gemm_f16,11836.4,2.72,0
f16,1024,2560,6144,0,pg_f16_64x64,4449.2,7.24,0
f16,1024,2560,6144,0,pq_f16p_64x64_22,4177.9,7.71,0
f16,1024,2560,6144,0,pq_f16p_128x64_42,4415.9,7.29,0
f16,1024,6144,2560,0,pfl_gemm_f16,13498.4,2.39,0
f16,1024,6144,2560,0,pg_f16_64x64,5345.3,6.03,0
f16,1024,6144,2560,0,pq_f16p_64x64_22,5225.9,6.16,0
f16,1024,6144,2560,0,pq_f16p_128x64_42,5406.9,5.96,0
f16,1024,12288,2560,0,pfl_gemm_f16,25901.1,2.49,0
f16,1024,12288,2560,0,pg_f16_64x64,10304.3,6.25,0
f16,1024,12288,2560,0,pq_f16p_64x64_22,10161.1,6.34,0
f16,1024,12288,2560,0,pq_f16p_128x64_42,10529.1,6.12,0
f16,1024,640,2560,0,pfl_gemm_f16,1246.4,2.69,0
f16,1024,640,2560,0,pg_f16_64x64,561.1,5.98,0
f16,1024,640,2560,0,pq_f16p_64x64_22,582.8,5.76,0
f16,1024,640,2560,0,pq_f16p_128x64_42,672.3,4.99,0
f16,777,2560,6144,0,pfl_gemm_f16,9025.5,2.71,0
f16,777,2560,6144,0,pg_f16_64x64,3699.9,6.61,0
f16,777,2560,6144,0,pq_f16p_64x64_22,3603.7,6.78,0
f16,777,2560,6144,0,pq_f16p_128x64_42,3887.5,6.29,0
f16,1024,2560,6144,1,pfl_gemm_f16,14252.0,2.26,0
f16,1024,2560,6144,1,pg_f16_64x64,5530.3,5.82,0
f16,1024,2560,6144,1,pq_f16p_64x64_22,5185.9,6.21,0
f16,1024,2560,6144,1,pq_f16p_128x64_42,5526.4,5.83,0
bf16,1024,320,10240,0,pfl_gemm_bf16,4470.9,1.50,0
bf16,1024,320,10240,0,pq_bf16_64x64_24,1555.6,4.31,0
bf16,1024,320,10240,0,pq_bf16p_64x64_24,1489.7,4.50,0
bf16,1024,320,10240,0,pq_bf16p_64x32_22,2299.6,2.92,0
bf16,1024,10240,320,0,pfl_gemm_bf16,2952.2,2.27,0
bf16,1024,10240,320,0,pq_bf16_64x64_24,1223.2,5.49,0
bf16,1024,10240,320,0,pq_bf16p_64x64_24,1181.1,5.68,0
bf16,1024,10240,320,0,pq_bf16p_64x32_22,1565.1,4.29,0
bf16,1024,512,2560,0,pfl_gemm_bf16,1245.4,2.16,0
bf16,1024,512,2560,0,pq_bf16_64x64_24,601.5,4.46,0
bf16,1024,512,2560,0,pq_bf16p_64x64_24,563.8,4.76,0
bf16,1024,512,2560,0,pq_bf16p_64x32_22,639.0,4.20,0
bf16,1024,32,2560,0,pfl_gemm_bf16,275.9,0.61,0
bf16,1024,32,2560,0,pq_bf16_64x64_24,219.4,0.76,0
bf16,1024,32,2560,0,pq_bf16p_64x64_24,201.6,0.83,0
bf16,1024,32,2560,0,pq_bf16p_64x32_22,220.9,0.76,0
bf16,777,320,10240,1,pfl_gemm_bf16,3056.1,1.67,0
bf16,777,320,10240,1,pq_bf16_64x64_24,1202.7,4.23,0
bf16,777,320,10240,1,pq_bf16p_64x64_24,1125.2,4.53,0
bf16,777,320,10240,1,pq_bf16p_64x32_22,1237.7,4.11,0
