-- GLOB mismatch!
-- Strata: Metal enabled (/Users/liangxw/src/xproject/petproject/Strata/src/kernels/metal/bf16_gemv.metal;/Users/liangxw/src/xproject/petproject/Strata/src/kernels/metal/cvec.metal;/Users/liangxw/src/xproject/petproject/Strata/src/kernels/metal/dequant_bf16.metal;/Users/liangxw/src/xproject/petproject/Strata/src/kernels/metal/dequant_s2.metal;/Users/liangxw/src/xproject/petproject/Strata/src/kernels/metal/elementwise.metal;/Users/liangxw/src/xproject/petproject/Strata/src/kernels/metal/fused_gdn.metal;/Users/liangxw/src/xproject/petproject/Strata/src/kernels/metal/fused_gr.metal;/Users/liangxw/src/xproject/petproject/Strata/src/kernels/metal/gdn.metal;/Users/liangxw/src/xproject/petproject/Strata/src/kernels/metal/gr.metal;/Users/liangxw/src/xproject/petproject/Strata/src/kernels/metal/iq_kernels.metal;/Users/liangxw/src/xproject/petproject/Strata/src/kernels/metal/kv_q4.metal;/Users/liangxw/src/xproject/petproject/Strata/src/kernels/metal/kv_q8.metal;/Users/liangxw/src/xproject/petproject/Strata/src/kernels/metal/kv_stream.metal;/Users/liangxw/src/xproject/petproject/Strata/src/kernels/metal/native_flash_attn.metal;/Users/liangxw/src/xproject/petproject/Strata/src/kernels/metal/native_gdn.metal;/Users/liangxw/src/xproject/petproject/Strata/src/kernels/metal/native_gdn_preprocess.metal;/Users/liangxw/src/xproject/petproject/Strata/src/kernels/metal/native_gr.metal;/Users/liangxw/src/xproject/petproject/Strata/src/kernels/metal/native_mmvq.metal;/Users/liangxw/src/xproject/petproject/Strata/src/kernels/metal/native_moe.metal;/Users/liangxw/src/xproject/petproject/Strata/src/kernels/metal/native_ple_postops.metal;/Users/liangxw/src/xproject/petproject/Strata/src/kernels/metal/native_qsa.metal;/Users/liangxw/src/xproject/petproject/Strata/src/kernels/metal/native_qsa_indexer.metal;/Users/liangxw/src/xproject/petproject/Strata/src/kernels/metal/native_qsa_score.metal;/Users/liangxw/src/xproject/petproject/Strata/src/kernels/metal/native_rope.metal;/Users/liangxw/src/xproject/petproject/Strata/src/kernels/metal/native_router.metal;/Users/liangxw/src/xproject/petproject/Strata/src/kernels/metal/ple.metal;/Users/liangxw/src/xproject/petproject/Strata/src/kernels/metal/poison.metal;/Users/liangxw/src/xproject/petproject/Strata/src/kernels/metal/prefill.metal;/Users/liangxw/src/xproject/petproject/Strata/src/kernels/metal/qsa.metal;/Users/liangxw/src/xproject/petproject/Strata/src/kernels/metal/qsa_decode_attn.metal;/Users/liangxw/src/xproject/petproject/Strata/src/kernels/metal/qsa_prompt_attn.metal;/Users/liangxw/src/xproject/petproject/Strata/src/kernels/metal/qsa_select.metal;/Users/liangxw/src/xproject/petproject/Strata/src/kernels/metal/quantize_act.metal;/Users/liangxw/src/xproject/petproject/Strata/src/kernels/metal/rope.metal;/Users/liangxw/src/xproject/petproject/Strata/src/kernels/metal/router_top10.metal;/Users/liangxw/src/xproject/petproject/Strata/src/kernels/metal/runtime_copy.metal;/Users/liangxw/src/xproject/petproject/Strata/src/kernels/metal/s2_expert_grouped.metal;/Users/liangxw/src/xproject/petproject/Strata/src/kernels/metal/s2_gemv.metal;/Users/liangxw/src/xproject/petproject/Strata/src/kernels/metal/s2_gemv_fast.metal;/Users/liangxw/src/xproject/petproject/Strata/src/kernels/metal/s2_gemv_q8.metal;/Users/liangxw/src/xproject/petproject/Strata/src/kernels/metal/s2_gemv_quads.metal;/Users/liangxw/src/xproject/petproject/Strata/src/kernels/metal/s_gemv.metal;/Users/liangxw/src/xproject/petproject/Strata/src/kernels/metal/sampler.metal;/Users/liangxw/src/xproject/petproject/Strata/src/kernels/metal/shared_expert.metal;/Users/liangxw/src/xproject/petproject/Strata/src/kernels/metal/verify_kernels.metal MSL files so far)
-- Strata: arm64 CPU - the AVX2/AVX-512 expert kernels are compiled out, the scalar paths build in their place (the GPU engine needs x86; this build is the CPU-side targets)
CMake Warning (dev) at /opt/homebrew/Cellar/cmake/3.30.0/share/cmake/Modules/FetchContent.cmake:1953 (message):
  Calling FetchContent_Populate(strata_llamacpp) is deprecated, call
  FetchContent_MakeAvailable(strata_llamacpp) instead.  Policy CMP0169 can be
  set to OLD to allow FetchContent_Populate(strata_llamacpp) to be called
  directly for now, but the ability to call it with declared details will be
  removed completely in a future version.
Call Stack (most recent call first):
  CMakeLists.txt:1015 (FetchContent_Populate)
This warning is for project developers.  Use -Wno-dev to suppress it.

-- Warning: ccache not found - consider installing it for faster compilation or disable this warning with GGML_CCACHE=OFF
-- CMAKE_SYSTEM_PROCESSOR: arm64
-- GGML_SYSTEM_ARCH: ARM
-- Including CPU backend
-- Accelerate framework found
-- ARM detected
CMake Warning at build-iq/_deps/strata_llamacpp-src/ggml/src/ggml-cpu/CMakeLists.txt:140 (message):
  ARM -march/-mcpu not found, -mcpu=native will be used
Call Stack (most recent call first):
  build-iq/_deps/strata_llamacpp-src/ggml/src/CMakeLists.txt:586 (ggml_add_cpu_backend_variant_impl)


-- Checking for ARM features using flags:
--   -U__ARM_FEATURE_SVE
--   -U__ARM_FEATURE_SME
--   -mcpu=native+dotprod+i8mm+nosve+nosme
-- Adding CPU backend variant ggml-cpu: -U__ARM_FEATURE_SVE;-U__ARM_FEATURE_SME;-mcpu=native+dotprod+i8mm+nosve+nosme 
-- BLAS found, Libraries: /Applications/Xcode.app/Contents/Developer/Platforms/MacOSX.platform/Developer/SDKs/MacOSX26.1.sdk/System/Library/Frameworks/Accelerate.framework
-- BLAS found, Includes: 
-- Including BLAS backend
-- Metal framework found
-- Including METAL backend
-- ggml version: 0.24.0
-- ggml commit:  3cf03257f
-- Configuring done (0.4s)
-- Generating done (0.2s)
-- Build files have been written to: /Users/liangxw/src/xproject/petproject/Strata/build-metal
[  1%] Strata Metal: compiling /Users/liangxw/src/xproject/petproject/Strata/src/kernels/metal/bf16_gemv.metal;/Users/liangxw/src/xproject/petproject/Strata/src/kernels/metal/cvec.metal;/Users/liangxw/src/xproject/petproject/Strata/src/kernels/metal/dequant_bf16.metal;/Users/liangxw/src/xproject/petproject/Strata/src/kernels/metal/dequant_s2.metal;/Users/liangxw/src/xproject/petproject/Strata/src/kernels/metal/elementwise.metal;/Users/liangxw/src/xproject/petproject/Strata/src/kernels/metal/fused_gdn.metal;/Users/liangxw/src/xproject/petproject/Strata/src/kernels/metal/fused_gr.metal;/Users/liangxw/src/xproject/petproject/Strata/src/kernels/metal/gdn.metal;/Users/liangxw/src/xproject/petproject/Strata/src/kernels/metal/gr.metal;/Users/liangxw/src/xproject/petproject/Strata/src/kernels/metal/iq_kernels.metal;/Users/liangxw/src/xproject/petproject/Strata/src/kernels/metal/kv_q4.metal;/Users/liangxw/src/xproject/petproject/Strata/src/kernels/metal/kv_q8.metal;/Users/liangxw/src/xproject/petproject/Strata/src/kernels/metal/kv_stream.metal;/Users/liangxw/src/xproject/petproject/Strata/src/kernels/metal/native_flash_attn.metal;/Users/liangxw/src/xproject/petproject/Strata/src/kernels/metal/native_gdn.metal;/Users/liangxw/src/xproject/petproject/Strata/src/kernels/metal/native_gdn_preprocess.metal;/Users/liangxw/src/xproject/petproject/Strata/src/kernels/metal/native_gr.metal;/Users/liangxw/src/xproject/petproject/Strata/src/kernels/metal/native_mmvq.metal;/Users/liangxw/src/xproject/petproject/Strata/src/kernels/metal/native_moe.metal;/Users/liangxw/src/xproject/petproject/Strata/src/kernels/metal/native_ple_postops.metal;/Users/liangxw/src/xproject/petproject/Strata/src/kernels/metal/native_qsa.metal;/Users/liangxw/src/xproject/petproject/Strata/src/kernels/metal/native_qsa_indexer.metal;/Users/liangxw/src/xproject/petproject/Strata/src/kernels/metal/native_qsa_score.metal;/Users/liangxw/src/xproject/petproject/Strata/src/kernels/metal/native_rope.metal;/Users/liangxw/src/xproject/petproject/Strata/src/kernels/metal/native_router.metal;/Users/liangxw/src/xproject/petproject/Strata/src/kernels/metal/ple.metal;/Users/liangxw/src/xproject/petproject/Strata/src/kernels/metal/poison.metal;/Users/liangxw/src/xproject/petproject/Strata/src/kernels/metal/prefill.metal;/Users/liangxw/src/xproject/petproject/Strata/src/kernels/metal/qsa.metal;/Users/liangxw/src/xproject/petproject/Strata/src/kernels/metal/qsa_decode_attn.metal;/Users/liangxw/src/xproject/petproject/Strata/src/kernels/metal/qsa_prompt_attn.metal;/Users/liangxw/src/xproject/petproject/Strata/src/kernels/metal/qsa_select.metal;/Users/liangxw/src/xproject/petproject/Strata/src/kernels/metal/quantize_act.metal;/Users/liangxw/src/xproject/petproject/Strata/src/kernels/metal/rope.metal;/Users/liangxw/src/xproject/petproject/Strata/src/kernels/metal/router_top10.metal;/Users/liangxw/src/xproject/petproject/Strata/src/kernels/metal/runtime_copy.metal;/Users/liangxw/src/xproject/petproject/Strata/src/kernels/metal/s2_expert_grouped.metal;/Users/liangxw/src/xproject/petproject/Strata/src/kernels/metal/s2_gemv.metal;/Users/liangxw/src/xproject/petproject/Strata/src/kernels/metal/s2_gemv_fast.metal;/Users/liangxw/src/xproject/petproject/Strata/src/kernels/metal/s2_gemv_q8.metal;/Users/liangxw/src/xproject/petproject/Strata/src/kernels/metal/s2_gemv_quads.metal;/Users/liangxw/src/xproject/petproject/Strata/src/kernels/metal/s_gemv.metal;/Users/liangxw/src/xproject/petproject/Strata/src/kernels/metal/sampler.metal;/Users/liangxw/src/xproject/petproject/Strata/src/kernels/metal/shared_expert.metal;/Users/liangxw/src/xproject/petproject/Strata/src/kernels/metal/verify_kernels.metal
[  1%] Built target gguf_reader_test
[  1%] Built target strata-gguf
[  2%] Built target strata-plan
[  3%] Built target strata-dequant
[  5%] Built target gguf_split_test
[  7%] Built target strata_spec
[ 11%] Built target ggml-base
[ 11%] Built target bf16_bits_test
[ 12%] Built target conv_cache_test
[ 12%] Built target coupled_draft_test
[ 15%] Built target draft_policy_test
[ 15%] Built target controller_test
[ 16%] Built target suffix_drafter_test
[ 24%] Built target ggml-cpu
[ 26%] Built target strata_kernels_cpu
[ 27%] Built target expert_q2_neon_test
[ 27%] Built target expert_parity
[ 29%] Built target expert_multi_test
[ 30%] Built target pool_test
[ 30%] Built target pool_stress
/Users/liangxw/src/xproject/petproject/Strata/src/kernels/metal/bf16_gemv.metal:70:15: warning: comparison of integers of different signs: 'uint' (aka 'unsigned int') and 'int' [-Wsign-compare]
        if (t < off) scratch[t] += scratch[t + off];
            ~ ^ ~~~
1 warning generated.
/Users/liangxw/src/xproject/petproject/Strata/src/kernels/metal/elementwise.metal:174:9: warning: variable 'hit' is used uninitialized whenever 'if' condition is false [-Wsometimes-uninitialized]
    if (t_in_tg == 0) {
        ^~~~~~~~~~~~
/Users/liangxw/src/xproject/petproject/Strata/src/kernels/metal/elementwise.metal:182:9: note: uninitialized use occurs here
    if (hit) {
        ^~~
/Users/liangxw/src/xproject/petproject/Strata/src/kernels/metal/elementwise.metal:174:5: note: remove the 'if' if its condition is always true
    if (t_in_tg == 0) {
    ^~~~~~~~~~~~~~~~~~
/Users/liangxw/src/xproject/petproject/Strata/src/kernels/metal/elementwise.metal:173:24: note: initialize the variable 'hit' to silence this warning
    threadgroup int hit;
                       ^
                        = 0
1 warning generated.
/Users/liangxw/src/xproject/petproject/Strata/src/kernels/metal/gr.metal:7:20: warning: unused variable 'GR_THREADS' [-Wunused-const-variable]
constant const int GR_THREADS = 256;
                   ^
1 warning generated.
/Users/liangxw/src/xproject/petproject/Strata/src/kernels/metal/qsa.metal:299:9: warning: variable 's_cgt' is used uninitialized whenever 'if' condition is false [-Wsometimes-uninitialized]
    if (t == 0) {
        ^~~~~~
/Users/liangxw/src/xproject/petproject/Strata/src/kernels/metal/qsa.metal:313:36: note: uninitialized use occurs here
    const long eq_budget = width - s_cgt;
                                   ^~~~~
/Users/liangxw/src/xproject/petproject/Strata/src/kernels/metal/qsa.metal:299:5: note: remove the 'if' if its condition is always true
    if (t == 0) {
    ^~~~~~~~~~~~
/Users/liangxw/src/xproject/petproject/Strata/src/kernels/metal/qsa.metal:265:27: note: initialize the variable 's_cgt' to silence this warning
    threadgroup long s_cgt;
                          ^
                           = 0
1 warning generated.
/Users/liangxw/src/xproject/petproject/Strata/src/kernels/metal/qsa_decode_attn.metal:207:1: warning: comparison of integers of different signs: 'uint' (aka 'unsigned int') and 'const int' [-Wsign-compare]
DA_CHUNK_KERNEL(attn_chunk_kernel_m0, 0)
^~~~~~~~~~~~~~~~~~~~~~~~~~~~~~~~~~~~~~~~
/Users/liangxw/src/xproject/petproject/Strata/src/kernels/metal/qsa_decode_attn.metal:204:9: note: expanded from macro 'DA_CHUNK_KERNEL'
        DA_CHUNK_BODY(KV_MODE)                                                                        \
        ^~~~~~~~~~~~~~~~~~~~~~
/Users/liangxw/src/xproject/petproject/Strata/src/kernels/metal/qsa_decode_attn.metal:115:15: note: expanded from macro 'DA_CHUNK_BODY'
        if (t < n_here) {                                                                             \
            ~ ^ ~~~~~~
/Users/liangxw/src/xproject/petproject/Strata/src/kernels/metal/qsa_decode_attn.metal:208:1: warning: comparison of integers of different signs: 'uint' (aka 'unsigned int') and 'const int' [-Wsign-compare]
DA_CHUNK_KERNEL(attn_chunk_kernel_m1, 1)
^~~~~~~~~~~~~~~~~~~~~~~~~~~~~~~~~~~~~~~~
/Users/liangxw/src/xproject/petproject/Strata/src/kernels/metal/qsa_decode_attn.metal:204:9: note: expanded from macro 'DA_CHUNK_KERNEL'
        DA_CHUNK_BODY(KV_MODE)                                                                        \
        ^~~~~~~~~~~~~~~~~~~~~~
/Users/liangxw/src/xproject/petproject/Strata/src/kernels/metal/qsa_decode_attn.metal:115:15: note: expanded from macro 'DA_CHUNK_BODY'
        if (t < n_here) {                                                                             \
            ~ ^ ~~~~~~
/Users/liangxw/src/xproject/petproject/Strata/src/kernels/metal/qsa_decode_attn.metal:209:1: warning: comparison of integers of different signs: 'uint' (aka 'unsigned int') and 'const int' [-Wsign-compare]
DA_CHUNK_KERNEL(attn_chunk_kernel_m2, 2)
^~~~~~~~~~~~~~~~~~~~~~~~~~~~~~~~~~~~~~~~
/Users/liangxw/src/xproject/petproject/Strata/src/kernels/metal/qsa_decode_attn.metal:204:9: note: expanded from macro 'DA_CHUNK_KERNEL'
        DA_CHUNK_BODY(KV_MODE)                                                                        \
        ^~~~~~~~~~~~~~~~~~~~~~
/Users/liangxw/src/xproject/petproject/Strata/src/kernels/metal/qsa_decode_attn.metal:115:15: note: expanded from macro 'DA_CHUNK_BODY'
        if (t < n_here) {                                                                             \
            ~ ^ ~~~~~~
/Users/liangxw/src/xproject/petproject/Strata/src/kernels/metal/qsa_decode_attn.metal:210:1: warning: comparison of integers of different signs: 'uint' (aka 'unsigned int') and 'const int' [-Wsign-compare]
DA_CHUNK_KERNEL(attn_chunk_kernel_m3, 3)
^~~~~~~~~~~~~~~~~~~~~~~~~~~~~~~~~~~~~~~~
/Users/liangxw/src/xproject/petproject/Strata/src/kernels/metal/qsa_decode_attn.metal:204:9: note: expanded from macro 'DA_CHUNK_KERNEL'
        DA_CHUNK_BODY(KV_MODE)                                                                        \
        ^~~~~~~~~~~~~~~~~~~~~~
/Users/liangxw/src/xproject/petproject/Strata/src/kernels/metal/qsa_decode_attn.metal:115:15: note: expanded from macro 'DA_CHUNK_BODY'
        if (t < n_here) {                                                                             \
            ~ ^ ~~~~~~
4 warnings generated.
/Users/liangxw/src/xproject/petproject/Strata/src/kernels/metal/qsa_prompt_attn.metal:179:1: warning: comparison of integers of different signs: 'uint' (aka 'unsigned int') and 'const int' [-Wsign-compare]
PA_KERNEL(prompt_attn_kernel_m0, 0)   // FP16 pools
^~~~~~~~~~~~~~~~~~~~~~~~~~~~~~~~~~~
/Users/liangxw/src/xproject/petproject/Strata/src/kernels/metal/qsa_prompt_attn.metal:111:23: note: expanded from macro 'PA_KERNEL'
                if (t < nh) {                                                                         \
                    ~ ^ ~~
/Users/liangxw/src/xproject/petproject/Strata/src/kernels/metal/qsa_prompt_attn.metal:180:1: warning: comparison of integers of different signs: 'uint' (aka 'unsigned int') and 'const int' [-Wsign-compare]
PA_KERNEL(prompt_attn_kernel_m1, 1)   // INT8 codes + fp16 scales per 64
^~~~~~~~~~~~~~~~~~~~~~~~~~~~~~~~~~~
/Users/liangxw/src/xproject/petproject/Strata/src/kernels/metal/qsa_prompt_attn.metal:111:23: note: expanded from macro 'PA_KERNEL'
                if (t < nh) {                                                                         \
                    ~ ^ ~~
/Users/liangxw/src/xproject/petproject/Strata/src/kernels/metal/qsa_prompt_attn.metal:181:1: warning: comparison of integers of different signs: 'uint' (aka 'unsigned int') and 'const int' [-Wsign-compare]
PA_KERNEL(prompt_attn_kernel_m3, 3)   // hybrid K8V4: INT8 K, V dequantized from q4_0 through fp16
^~~~~~~~~~~~~~~~~~~~~~~~~~~~~~~~~~~
/Users/liangxw/src/xproject/petproject/Strata/src/kernels/metal/qsa_prompt_attn.metal:111:23: note: expanded from macro 'PA_KERNEL'
                if (t < nh) {                                                                         \
                    ~ ^ ~~
3 warnings generated.
/Users/liangxw/src/xproject/petproject/Strata/src/kernels/metal/router_top10.metal:66:9: warning: variable 's_inv' is used uninitialized whenever 'if' condition is false [-Wsometimes-uninitialized]
    if (tid == 0) {
        ^~~~~~~~
/Users/liangxw/src/xproject/petproject/Strata/src/kernels/metal/router_top10.metal:72:23: note: uninitialized use occurs here
    const float inv = s_inv;
                      ^~~~~
/Users/liangxw/src/xproject/petproject/Strata/src/kernels/metal/router_top10.metal:66:5: note: remove the 'if' if its condition is always true
    if (tid == 0) {
    ^~~~~~~~~~~~~~
/Users/liangxw/src/xproject/petproject/Strata/src/kernels/metal/router_top10.metal:44:28: note: initialize the variable 's_inv' to silence this warning
    threadgroup float s_inv;
                           ^
                            = 0.0
/Users/liangxw/src/xproject/petproject/Strata/src/kernels/metal/router_top10.metal:16:20: warning: unused variable 'RT_MAX_THREADS' [-Wunused-const-variable]
constant const int RT_MAX_THREADS = 512;
                   ^
2 warnings generated.
[ 30%] Strata Metal: embedding strata.metallib
[ 30%] Building OBJCXX object CMakeFiles/strata_metal_kernels.dir/generated/strata_metallib.mm.o
[ 30%] Building OBJCXX object CMakeFiles/strata_metal_kernels.dir/src/platform/metal_runtime.mm.o
/Users/liangxw/src/xproject/petproject/Strata/src/platform/metal_runtime.mm:294:26: warning: format specifies type 'size_t' (aka 'unsigned long') but the argument has type 'unsigned long long' [-Wformat]
  293 |             std::fprintf(stderr, a.buffer != nil ? " [%llu+%llu=%p]" : " [val%zu]",
      |                                                                              ~~~
      |                                                                              %llu
  294 |                          (unsigned long long) a.buffer.length, (unsigned long long) a.offset,
      |                          ^~~~~~~~~~~~~~~~~~~~~~~~~~~~~~~~~~~~
/Users/liangxw/src/xproject/petproject/Strata/src/platform/metal_runtime.mm:433:26: warning: format specifies type 'size_t' (aka 'unsigned long') but the argument has type 'unsigned long long' [-Wformat]
  432 |             std::fprintf(stderr, a.buffer != nil ? " buf%llu@%llu" : " val%zu",
      |                                                                           ~~~
      |                                                                           %llu
  433 |                          a.buffer != nil ? (unsigned long long) a.buffer.length
      |                          ^~~~~~~~~~~~~~~~~~~~~~~~~~~~~~~~~~~~~~~~~~~~~~~~~~~~~~
  434 |                                          : (unsigned long long) a.offset,
      |                                          ~~~~~~~~~~~~~~~~~~~~~~~~~~~~~~~
2 warnings generated.
[ 31%] Linking OBJCXX static library libstrata_metal_kernels.a
[ 31%] Built target strata_metal_kernels
[ 32%] Building CXX object CMakeFiles/strata_core.dir/src/core/device.cu.o
[ 32%] Building CXX object CMakeFiles/strata_core.dir/src/core/pinned.cu.o
[ 32%] Building CXX object CMakeFiles/strata_core.dir/src/platform/memory.cpp.o
[ 34%] Building CXX object CMakeFiles/strata_core.dir/src/core/graph.cpp.o
[ 34%] Building CXX object CMakeFiles/strata_core.dir/src/core/weights.cpp.o
[ 34%] Building CXX object CMakeFiles/strata_core.dir/src/core/layout.cpp.o
[ 35%] Linking CXX static library libstrata_core.a
[ 35%] Built target strata_core
[ 36%] Building CXX object CMakeFiles/platform_memory_test.dir/src/platform/memory_test.cpp.o
[ 36%] Building CXX object CMakeFiles/strata-device.dir/src/core/device_main.cpp.o
[ 36%] Building OBJCXX object CMakeFiles/strata_kernels.dir/src/kernels/metal/bf16_gemv.mm.o
[ 37%] Building OBJCXX object CMakeFiles/strata_kernels.dir/src/kernels/metal/dequant_bf16.mm.o
[ 37%] Building OBJCXX object CMakeFiles/strata_kernels.dir/src/kernels/metal/dequant_s2.mm.o
[ 37%] Building OBJCXX object CMakeFiles/strata_kernels.dir/src/kernels/metal/cvec.mm.o
[ 37%] Building OBJCXX object CMakeFiles/strata_kernels.dir/src/kernels/metal/fused_gdn.mm.o
[ 39%] Building OBJCXX object CMakeFiles/strata_kernels.dir/src/kernels/metal/elementwise.mm.o
[ 39%] Building OBJCXX object CMakeFiles/strata_kernels.dir/src/kernels/metal/fused_gr.mm.o
[ 40%] Building OBJCXX object CMakeFiles/strata_kernels.dir/src/kernels/metal/gdn.mm.o
[ 40%] Building OBJCXX object CMakeFiles/strata_kernels.dir/src/kernels/metal/gr.mm.o
[ 40%] Building OBJCXX object CMakeFiles/strata_kernels.dir/src/kernels/metal/iq_kernels.mm.o
[ 41%] Building OBJCXX object CMakeFiles/strata_kernels.dir/src/kernels/metal/kv_q4.mm.o
[ 41%] Building OBJCXX object CMakeFiles/strata_kernels.dir/src/kernels/metal/kv_q8.mm.o
[ 41%] Linking CXX executable platform_memory_test
[ 43%] Building OBJCXX object CMakeFiles/strata_kernels.dir/src/kernels/metal/kv_stream.mm.o
[ 43%] Building OBJCXX object CMakeFiles/strata_kernels.dir/src/kernels/metal/native_flash_attn.mm.o
[ 43%] Building OBJCXX object CMakeFiles/strata_kernels.dir/src/kernels/metal/native_gdn.mm.o
[ 43%] Built target platform_memory_test
[ 44%] Building OBJCXX object CMakeFiles/strata_kernels.dir/src/kernels/metal/native_gdn_preprocess.mm.o
[ 45%] Linking CXX executable strata-device
[ 45%] Building OBJCXX object CMakeFiles/strata_kernels.dir/src/kernels/metal/native_gr.mm.o
[ 45%] Building OBJCXX object CMakeFiles/strata_kernels.dir/src/kernels/metal/native_mmvq.mm.o
[ 46%] Building OBJCXX object CMakeFiles/strata_kernels.dir/src/kernels/metal/native_moe.mm.o
[ 46%] Built target strata-device
[ 46%] Building OBJCXX object CMakeFiles/strata_kernels.dir/src/kernels/metal/native_ple_postops.mm.o
[ 48%] Building OBJCXX object CMakeFiles/strata_kernels.dir/src/kernels/metal/native_qsa.mm.o
[ 48%] Building OBJCXX object CMakeFiles/strata_kernels.dir/src/kernels/metal/native_qsa_indexer.mm.o
[ 48%] Building OBJCXX object CMakeFiles/strata_kernels.dir/src/kernels/metal/native_qsa_score.mm.o
[ 49%] Building OBJCXX object CMakeFiles/strata_kernels.dir/src/kernels/metal/native_rope.mm.o
[ 49%] Building OBJCXX object CMakeFiles/strata_kernels.dir/src/kernels/metal/native_router.mm.o
[ 49%] Building OBJCXX object CMakeFiles/strata_kernels.dir/src/kernels/metal/ple.mm.o
[ 50%] Building OBJCXX object CMakeFiles/strata_kernels.dir/src/kernels/metal/qsa.mm.o
[ 50%] Building OBJCXX object CMakeFiles/strata_kernels.dir/src/kernels/metal/qsa_decode_attn.mm.o
[ 51%] Building OBJCXX object CMakeFiles/strata_kernels.dir/src/kernels/metal/qsa_prompt_attn.mm.o
[ 51%] Building OBJCXX object CMakeFiles/strata_kernels.dir/src/kernels/metal/qsa_select.mm.o
[ 51%] Building OBJCXX object CMakeFiles/strata_kernels.dir/src/kernels/metal/quantize_act.mm.o
[ 53%] Building OBJCXX object CMakeFiles/strata_kernels.dir/src/kernels/metal/rope.mm.o
[ 53%] Building OBJCXX object CMakeFiles/strata_kernels.dir/src/kernels/metal/router_top10.mm.o
[ 53%] Building OBJCXX object CMakeFiles/strata_kernels.dir/src/kernels/metal/s2_expert_grouped.mm.o
[ 54%] Building OBJCXX object CMakeFiles/strata_kernels.dir/src/kernels/metal/s2_gemv.mm.o
[ 54%] Building OBJCXX object CMakeFiles/strata_kernels.dir/src/kernels/metal/s2_gemv_fast.mm.o
[ 55%] Building OBJCXX object CMakeFiles/strata_kernels.dir/src/kernels/metal/s2_gemv_q8.mm.o
[ 55%] Building OBJCXX object CMakeFiles/strata_kernels.dir/src/kernels/metal/s2_gemv_quads.mm.o
[ 55%] Building OBJCXX object CMakeFiles/strata_kernels.dir/src/kernels/metal/s_gemv.mm.o
[ 56%] Building OBJCXX object CMakeFiles/strata_kernels.dir/src/kernels/metal/sampler.mm.o
[ 56%] Building OBJCXX object CMakeFiles/strata_kernels.dir/src/kernels/metal/shared_expert.mm.o
[ 56%] Building OBJCXX object CMakeFiles/strata_kernels.dir/src/kernels/metal/verify_kernels.mm.o
[ 58%] Building CXX object CMakeFiles/strata_kernels.dir/src/kernels/ngram.cpp.o
[ 58%] Building CXX object CMakeFiles/strata_kernels.dir/src/ngram/ple_reader.cpp.o
[ 59%] Building CXX object CMakeFiles/strata_kernels.dir/src/platform/direct_file.cpp.o
[ 59%] Linking CXX static library libstrata_kernels.a
[ 59%] Built target strata_kernels
[ 59%] Building CXX object CMakeFiles/elementwise_parity.dir/src/kernels/elementwise_parity.cpp.o
[ 59%] Building OBJCXX object CMakeFiles/metal_smoke.dir/src/platform/metal_smoke.mm.o
[ 59%] Building CXX object CMakeFiles/dequant_s2_parity.dir/src/kernels/dequant_s2_parity.cpp.o
[ 60%] Building CXX object CMakeFiles/router_top10_parity.dir/src/kernels/router_top10_parity.cpp.o
[ 60%] Building CXX object CMakeFiles/quantize_act_parity.dir/src/kernels/quantize_act_parity.cpp.o
[ 60%] Building CXX object CMakeFiles/s2_gemv_parity.dir/src/kernels/s2_gemv_parity.cpp.o
[ 60%] Building CXX object CMakeFiles/kv_q8_parity.dir/src/kernels/kv_q8_parity.cpp.o
[ 62%] Building CXX object CMakeFiles/rope_parity.dir/src/kernels/rope_parity.cpp.o
/Users/liangxw/src/xproject/petproject/Strata/src/kernels/router_top10_parity.cpp:97:16: warning: variable 'raw' set but not used [-Wunused-but-set-variable]
   97 |         double raw = 0;
      |                ^
[ 62%] Linking CXX executable rope_parity
[ 63%] Linking CXX executable metal_smoke
[ 63%] Linking CXX executable quantize_act_parity
1 warning generated.
[ 64%] Linking CXX executable kv_q8_parity
[ 64%] Linking CXX executable router_top10_parity
[ 64%] Built target rope_parity
[ 64%] Built target metal_smoke
[ 64%] Built target quantize_act_parity
[ 65%] Linking CXX executable dequant_s2_parity
[ 65%] Linking CXX executable elementwise_parity
[ 65%] Built target kv_q8_parity
[ 65%] Built target router_top10_parity
[ 67%] Building CXX object CMakeFiles/bf16_gemv_parity.dir/src/kernels/bf16_gemv_parity.cpp.o
[ 68%] Building CXX object CMakeFiles/cvec_parity.dir/src/kernels/cvec_parity.cpp.o
[ 68%] Building CXX object CMakeFiles/gr_parity.dir/src/kernels/gr_parity.cpp.o
[ 68%] Linking CXX executable s2_gemv_parity
[ 68%] Building CXX object CMakeFiles/gdn_parity.dir/src/kernels/gdn_parity.cpp.o
[ 68%] Building CXX object CMakeFiles/sampler_parity.dir/src/kernels/sampler_parity.cpp.o
[ 68%] Built target dequant_s2_parity
[ 68%] Built target elementwise_parity
[ 68%] Built target s2_gemv_parity
[ 69%] Building CXX object CMakeFiles/s_gemv_parity.dir/src/kernels/s_gemv_parity.cpp.o
[ 69%] Building CXX object CMakeFiles/shared_expert_parity.dir/src/kernels/shared_expert_parity.cpp.o
[ 69%] Building CXX object CMakeFiles/iq_parity.dir/src/kernels/iq_parity.cpp.o
/Users/liangxw/src/xproject/petproject/Strata/src/kernels/gdn_parity.cpp:244:14: warning: unused variable 'to_ref_layout' [-Wunused-variable]
  244 |         auto to_ref_layout = [&](const std::vector<float>& d) {
      |              ^~~~~~~~~~~~~
[ 69%] Linking CXX executable bf16_gemv_parity
/Users/liangxw/src/xproject/petproject/Strata/src/kernels/shared_expert_parity.cpp:51:14: warning: unused function 'f16_to_f32' [-Wunused-function]
   51 | inline float f16_to_f32(uint16_t h) { return f32_from_f16(h); }
      |              ^~~~~~~~~~
[ 69%] Linking CXX executable cvec_parity
[ 69%] Built target bf16_gemv_parity
1 warning generated.
[ 70%] Linking CXX executable gdn_parity
[ 70%] Built target cvec_parity
[ 70%] Building CXX object CMakeFiles/iq_multi_parity.dir/src/kernels/iq_multi_parity.cpp.o
[ 72%] Building CXX object CMakeFiles/qsa_parity.dir/src/kernels/qsa_parity.cpp.o
[ 72%] Linking CXX executable iq_parity
1 warning generated.
[ 72%] Built target gdn_parity
[ 72%] Linking CXX executable shared_expert_parity
[ 72%] Building CXX object CMakeFiles/qsa_prompt_attn_parity.dir/src/kernels/qsa_prompt_attn_parity.cpp.o
[ 72%] Built target iq_parity
[ 73%] Linking CXX executable gr_parity
[ 73%] Built target shared_expert_parity
[ 73%] Building CXX object CMakeFiles/kv_q4_parity.dir/src/kernels/kv_q4_parity.cpp.o
[ 74%] Building CXX object CMakeFiles/kv_hybrid_parity.dir/src/kernels/kv_hybrid_parity.cpp.o
[ 74%] Built target gr_parity
[ 74%] Building CXX object CMakeFiles/kv_stream_parity.dir/src/kernels/kv_stream_parity.cpp.o
/Users/liangxw/src/xproject/petproject/Strata/src/kernels/iq_multi_parity.cpp:259:22: warning: variable 'written' set but not used [-Wunused-but-set-variable]
  259 |     size_t diff = 0, written = 0;
      |                      ^
[ 74%] Linking CXX executable s_gemv_parity
[ 74%] Built target s_gemv_parity
[ 74%] Building CXX object CMakeFiles/s2_expert_grouped_parity.dir/src/kernels/s2_expert_grouped_parity.cpp.o
[ 75%] Linking CXX executable sampler_parity
/Users/liangxw/src/xproject/petproject/Strata/src/kernels/kv_stream_parity.cpp:184:17: warning: variable 'resident' set but not used [-Wunused-but-set-variable]
  184 |         int64_t resident = 0;
      |                 ^
1 warning generated.
[ 77%] Linking CXX executable iq_multi_parity
[ 78%] Linking CXX executable qsa_prompt_attn_parity
[ 78%] Built target sampler_parity
[ 79%] Linking CXX executable kv_q4_parity
[ 79%] Building CXX object CMakeFiles/ple_parity.dir/src/kernels/ple_parity.cpp.o
[ 79%] Built target iq_multi_parity
[ 79%] Built target qsa_prompt_attn_parity
[ 81%] Building CXX object CMakeFiles/s2_gemv_q8_parity.dir/src/kernels/s2_gemv_q8_parity.cpp.o
1 warning generated.
[ 81%] Built target kv_q4_parity
[ 81%] Linking CXX executable kv_stream_parity
[ 81%] Building CXX object CMakeFiles/mmvq_multi_parity.dir/src/kernels/mmvq_multi_parity.cpp.o
[ 81%] Linking CXX executable kv_hybrid_parity
[ 81%] Built target kv_stream_parity
[ 81%] Building CXX object CMakeFiles/strata_engine.dir/src/core/layer.cpp.o
[ 81%] Built target kv_hybrid_parity
[ 82%] Building CXX object CMakeFiles/metal_fused_gr_test.dir/tests/core/metal_fused_gr_test.cpp.o
[ 82%] Building CXX object CMakeFiles/strata_prefill.dir/src/prefill/prefill.cpp.o
/Users/liangxw/src/xproject/petproject/Strata/src/kernels/ple_parity.cpp:117:22: warning: unused function 'read_path' [-Wunused-function]
  117 | std::vector<uint8_t> read_path(const char* path) {
      |                      ^~~~~~~~~
[ 82%] Linking CXX executable s2_gemv_q8_parity
[ 82%] Linking CXX executable mmvq_multi_parity
/Users/liangxw/src/xproject/petproject/Strata/src/core/layer.cpp:848:774: warning: unused variable 'n_bid' [-Wunused-variable]
  848 | bool qsa_layer(const WeightTable& tables, const ModelGeometry& g, int64_t layer, int64_t pos, int32_t pos_base,               const QsaState& st, const QsaBuffers& b, const float* x, float* out, void* stream,               std::string& err, float* dump) {    using namespace strata::kernels;    const QsaShapes s = qsa_shapes(g);    const LayerView v(tables, layer);    const int64_t n_kv = pos + 1;    /* P7 audit: RoPE reads cos/sin row pos_base + pos, and the table holds max_cells rows. */    if ((int64_t) pos_base + pos >= st.max_cells || pos_base < 0) {        err = "qsa_layer: position " + std::to_string((long long) pos_base + pos) + " is outside the RoPE table (" + std::to_string((long long) st.max_cells) + " rows)";        return false;    }    const int64_t n_bid = n_kv / s.idx_block;    const int64_t width = qsa_selection_width(n_kv, s);    const int64_t cap = qsa_selection_width(kTopkMaxCells, s);
      |                                                                                                                                                                                                                                                                                                                                                                                                                                                                                                                                                                                                                                                                                                                                                                                                      ^~~~~
/Users/liangxw/src/xproject/petproject/Strata/src/core/layer.cpp:848:819: warning: unused variable 'width' [-Wunused-variable]
  848 | bool qsa_layer(const WeightTable& tables, const ModelGeometry& g, int64_t layer, int64_t pos, int32_t pos_base,               const QsaState& st, const QsaBuffers& b, const float* x, float* out, void* stream,               std::string& err, float* dump) {    using namespace strata::kernels;    const QsaShapes s = qsa_shapes(g);    const LayerView v(tables, layer);    const int64_t n_kv = pos + 1;    /* P7 audit: RoPE reads cos/sin row pos_base + pos, and the table holds max_cells rows. */    if ((int64_t) pos_base + pos >= st.max_cells || pos_base < 0) {        err = "qsa_layer: position " + std::to_string((long long) pos_base + pos) + " is outside the RoPE table (" + std::to_string((long long) st.max_cells) + " rows)";        return false;    }    const int64_t n_bid = n_kv / s.idx_block;    const int64_t width = qsa_selection_width(n_kv, s);    const int64_t cap = qsa_selection_width(kTopkMaxCells, s);
      |                                                                                                                                                                                                                                                                                                                                                                                                                                                                                                                                                                                                                                                                                                                                                                                                                                                   ^~~~~
/Users/liangxw/src/xproject/petproject/Strata/src/core/layer.cpp:1170:23: warning: unused variable 'hcd' [-Wunused-variable]
 1170 |         const int64_t hcd = strata::kernels::NG_HC_DIM;
      |                       ^~~
[ 82%] Built target s2_gemv_q8_parity
[ 83%] Building CXX object CMakeFiles/strata_engine.dir/src/core/session.cpp.o
[ 83%] Built target mmvq_multi_parity
[ 83%] Building OBJCXX object CMakeFiles/strata_prefill.dir/src/prefill/gemm.mm.o
[ 83%] Linking CXX executable metal_fused_gr_test
In file included from /Users/liangxw/src/xproject/petproject/Strata/src/prefill/prefill.cpp:2:
In file included from /Users/liangxw/src/xproject/petproject/Strata/include/strata/prefill/prefill.hpp:14:
/Users/liangxw/src/xproject/petproject/Strata/include/strata/core/expert_source.hpp:610:13: warning: 'reads' overrides a member function but is not marked 'override' [-Winconsistent-missing-override]
  610 |     int64_t reads() const { return reads_; }
      |             ^
/Users/liangxw/src/xproject/petproject/Strata/include/strata/core/expert_source.hpp:113:21: note: overridden virtual function is here
  113 |     virtual int64_t reads() const { return 0; }
      |                     ^
[ 84%] Linking CXX executable s2_expert_grouped_parity
[ 84%] Built target metal_fused_gr_test
[ 84%] Building CXX object CMakeFiles/strata_engine.dir/src/core/expert_source.cpp.o
1 warning generated.
[ 86%] Linking CXX executable ple_parity
[ 86%] Built target s2_expert_grouped_parity
[ 87%] Building OBJCXX object CMakeFiles/strata_prefill.dir/src/prefill/kernels.mm.o
3 warnings generated.
[ 87%] Building CXX object CMakeFiles/strata_engine.dir/src/core/remote_experts.cpp.o
/Users/liangxw/src/xproject/petproject/Strata/src/prefill/prefill.cpp:73:67: warning: unused variable 'NE' [-Wunused-const-variable]
   73 | constexpr int64_t N = 2560, HC = 4, D = N * HC, LR = 320, K = 10, NE = 512;
      |                                                                   ^~
In file included from /Users/liangxw/src/xproject/petproject/Strata/src/prefill/prefill.cpp:26:
/Users/liangxw/src/xproject/petproject/Strata/include/strata/prefill/moe_mmq.hpp:60:11: warning: private field 'ctx_' is not used [-Wunused-private-field]
   60 |     void* ctx_ = nullptr;
      |           ^
[ 87%] Built target ple_parity
[ 88%] Building CXX object CMakeFiles/strata_engine.dir/src/core/expert_cache.cpp.o
[ 88%] Building CXX object CMakeFiles/strata_engine.dir/src/core/native_head.cpp.o
[ 88%] Linking CXX executable qsa_parity
In file included from /Users/liangxw/src/xproject/petproject/Strata/src/core/expert_source.cpp:2:
/Users/liangxw/src/xproject/petproject/Strata/include/strata/core/expert_source.hpp:610:13: warning: 'reads' overrides a member function but is not marked 'override' [-Winconsistent-missing-override]
  610 |     int64_t reads() const { return reads_; }
      |             ^
/Users/liangxw/src/xproject/petproject/Strata/include/strata/core/expert_source.hpp:113:21: note: overridden virtual function is here
  113 |     virtual int64_t reads() const { return 0; }
      |                     ^
In file included from /Users/liangxw/src/xproject/petproject/Strata/src/core/remote_experts.cpp:1:
In file included from /Users/liangxw/src/xproject/petproject/Strata/include/strata/core/remote_experts.hpp:4:
/Users/liangxw/src/xproject/petproject/Strata/include/strata/core/expert_source.hpp:610:13: warning: 'reads' overrides a member function but is not marked 'override' [-Winconsistent-missing-override]
  610 |     int64_t reads() const { return reads_; }
      |             ^
/Users/liangxw/src/xproject/petproject/Strata/include/strata/core/expert_source.hpp:113:21: note: overridden virtual function is here
  113 |     virtual int64_t reads() const { return 0; }
      |                     ^
[ 88%] Built target qsa_parity
[ 88%] Building CXX object CMakeFiles/strata_engine.dir/src/core/native_dense.cpp.o
[ 89%] Building CXX object CMakeFiles/strata_engine.dir/src/core/verify.cpp.o
[ 89%] Building CXX object CMakeFiles/strata_engine.dir/src/core/mtp.cpp.o
1 warning generated.
[ 91%] Building CXX object CMakeFiles/strata_engine.dir/src/core/conversation_snapshot.cpp.o
[ 91%] Building CXX object CMakeFiles/strata_engine.dir/src/core/conversation_state.cpp.o
[ 91%] Building CXX object CMakeFiles/strata_engine.dir/src/core/conversation_memory.cpp.o
In file included from /Users/liangxw/src/xproject/petproject/Strata/src/core/verify.cpp:2:
In file included from /Users/liangxw/src/xproject/petproject/Strata/include/strata/core/verify.hpp:26:
/Users/liangxw/src/xproject/petproject/Strata/include/strata/core/expert_source.hpp:610:13: warning: 'reads' overrides a member function but is not marked 'override' [-Winconsistent-missing-override]
  610 |     int64_t reads() const { return reads_; }
      |             ^
/Users/liangxw/src/xproject/petproject/Strata/include/strata/core/expert_source.hpp:113:21: note: overridden virtual function is here
  113 |     virtual int64_t reads() const { return 0; }
      |                     ^
3 warnings generated.
[ 91%] Linking CXX static library libstrata_prefill.a
[ 91%] Built target strata_prefill
[ 92%] Building CXX object CMakeFiles/metal_gemm_test.dir/tests/core/metal_gemm_test.cpp.o
[ 92%] Linking CXX executable metal_gemm_test
1 warning generated.
[ 92%] Built target metal_gemm_test
1 warning generated.
[ 93%] Linking CXX static library libstrata_engine.a
[ 93%] Built target strata_engine
[ 94%] Building CXX object CMakeFiles/expert_cache_per_layer_test.dir/tests/core/expert_cache_per_layer_test.cpp.o
[ 94%] Building CXX object CMakeFiles/file_expert_source_test.dir/tests/core/file_expert_source_test.cpp.o
[ 96%] Building CXX object CMakeFiles/native_dense_ple_key_test.dir/tests/core/native_dense_ple_key_test.cpp.o
[ 96%] Building CXX object CMakeFiles/expert_layout_test.dir/tests/core/expert_layout_test.cpp.o
[ 97%] Building CXX object CMakeFiles/strata.dir/src/program/generate.cpp.o
[ 97%] Linking CXX executable expert_cache_per_layer_test
[ 97%] Built target expert_cache_per_layer_test
In file included from /Users/liangxw/src/xproject/petproject/Strata/tests/core/file_expert_source_test.cpp:1:
/Users/liangxw/src/xproject/petproject/Strata/include/strata/core/expert_source.hpp:610:13: warning: 'reads' overrides a member function but is not marked 'override' [-Winconsistent-missing-override]
  610 |     int64_t reads() const { return reads_; }
      |             ^
/Users/liangxw/src/xproject/petproject/Strata/include/strata/core/expert_source.hpp:113:21: note: overridden virtual function is here
  113 |     virtual int64_t reads() const { return 0; }
      |                     ^
In file included from /Users/liangxw/src/xproject/petproject/Strata/src/program/generate.cpp:22:
/Users/liangxw/src/xproject/petproject/Strata/include/strata/core/expert_source.hpp:610:13: warning: 'reads' overrides a member function but is not marked 'override' [-Winconsistent-missing-override]
  610 |     int64_t reads() const { return reads_; }
      |             ^
/Users/liangxw/src/xproject/petproject/Strata/include/strata/core/expert_source.hpp:113:21: note: overridden virtual function is here
  113 |     virtual int64_t reads() const { return 0; }
      |                     ^
In file included from /Users/liangxw/src/xproject/petproject/Strata/tests/core/expert_layout_test.cpp:16:
/Users/liangxw/src/xproject/petproject/Strata/include/strata/core/expert_source.hpp:610:13: warning: 'reads' overrides a member function but is not marked 'override' [-Winconsistent-missing-override]
  610 |     int64_t reads() const { return reads_; }
      |             ^
/Users/liangxw/src/xproject/petproject/Strata/include/strata/core/expert_source.hpp:113:21: note: overridden virtual function is here
  113 |     virtual int64_t reads() const { return 0; }
      |                     ^
1 warning generated.
[ 98%] Linking CXX executable file_expert_source_test
[ 98%] Linking CXX executable native_dense_ple_key_test
[ 98%] Built target file_expert_source_test
[ 98%] Built target native_dense_ple_key_test
/Users/liangxw/src/xproject/petproject/Strata/src/program/generate.cpp:818:5: warning: unused function 'argmax' [-Wunused-function]
  818 | int argmax(const std::vector<float>& v) {
      |     ^~~~~~
1 warning generated.
[100%] Linking CXX executable expert_layout_test
[100%] Built target expert_layout_test
2 warnings generated.
[100%] Linking CXX executable strata
[100%] Built target strata
