K,N,layout,us
2560,248320,original,5470.974
2560,248320,r4,5342.651
2560,248320,simd1,5237.741
2560,248320,simd4,5234.359
2560,248320,shuffle,7596.178
2560,10240,original,228.146
2560,10240,r4,231.504
2560,10240,simd1,224.501
2560,10240,simd4,226.730
2560,10240,shuffle,335.440
2560,6144,original,134.419
2560,6144,r4,138.416
2560,6144,simd1,129.657
2560,6144,simd4,130.614
2560,6144,shuffle,190.695
2560,12288,original,239.895
2560,12288,r4,240.962
2560,12288,simd1,234.194
2560,12288,simd4,232.319
2560,12288,shuffle,340.632
10240,2560,original,159.424
10240,2560,r4,181.304
10240,2560,simd1,188.661
10240,2560,simd4,189.505
10240,2560,shuffle,231.631
6144,2560,original,100.404
6144,2560,r4,111.820
6144,2560,simd1,113.854
6144,2560,simd4,113.168
6144,2560,shuffle,153.526
512,2560,original,38.541
512,2560,r4,37.703
512,2560,simd1,25.832
512,2560,simd4,26.882
512,2560,shuffle,56.970
2560,640,original,26.952
2560,640,r4,26.677
2560,640,simd1,26.182
2560,640,simd4,23.641
2560,640,shuffle,36.844
IQ4 decode: 1426560 outputs, 0 bit differences, 0 nonfinite
