K,N,layout,us
2560,248320,original,5816.519
2560,248320,r4,5303.377
2560,248320,simd1,5091.241
2560,248320,simd4,5112.197
2560,10240,original,240.772
2560,10240,r4,241.639
2560,10240,simd1,233.834
2560,10240,simd4,225.771
2560,6144,original,135.197
2560,6144,r4,136.618
2560,6144,simd1,131.352
2560,6144,simd4,128.858
2560,12288,original,234.122
2560,12288,r4,235.134
2560,12288,simd1,228.877
2560,12288,simd4,228.511
10240,2560,original,161.768
10240,2560,r4,182.114
10240,2560,simd1,188.588
10240,2560,simd4,190.972
6144,2560,original,101.393
6144,2560,r4,112.808
6144,2560,simd1,109.592
6144,2560,simd4,109.452
512,2560,original,36.478
512,2560,r4,37.352
512,2560,simd1,25.249
512,2560,simd4,25.485
2560,640,original,25.046
2560,640,r4,25.049
2560,640,simd1,24.864
2560,640,simd4,24.042
IQ4 decode: 1141248 outputs, 0 bit differences, 0 nonfinite
