K,N,layout,us
2560,248320,original,3537.794
2560,248320,r4,3697.509
2560,248320,simd1,3304.720
2560,248320,simd4,3430.152
2560,248320,expanded,2396.151
2560,10240,original,267.947
2560,10240,r4,271.280
2560,10240,simd1,251.749
2560,10240,simd4,246.600
2560,10240,expanded,138.768
2560,6144,original,125.183
2560,6144,r4,122.089
2560,6144,simd1,110.992
2560,6144,simd4,108.326
2560,6144,expanded,67.625
2560,12288,original,176.157
2560,12288,r4,175.673
2560,12288,simd1,162.920
2560,12288,simd4,159.064
2560,12288,expanded,100.838
10240,2560,original,101.923
10240,2560,r4,125.997
10240,2560,simd1,122.053
10240,2560,simd4,118.396
10240,2560,expanded,64.253
6144,2560,original,60.529
6144,2560,r4,79.002
6144,2560,simd1,70.197
6144,2560,simd4,66.727
6144,2560,expanded,40.930
512,2560,original,30.701
512,2560,r4,30.360
512,2560,simd1,16.295
512,2560,simd4,16.424
512,2560,expanded,14.864
2560,640,original,19.784
2560,640,r4,18.435
2560,640,simd1,19.295
2560,640,simd4,17.252
2560,640,expanded,13.733
IQ4 decode: 1426560 outputs, 0 bit differences, 0 nonfinite
