K,N,layout,us
2560,248320,original,4257.634
2560,248320,r4,4196.490
2560,248320,simd1,4405.809
2560,248320,simd4,4173.435
2560,10240,original,166.146
2560,10240,r4,162.367
2560,10240,simd1,160.631
2560,10240,simd4,159.698
2560,6144,original,99.223
2560,6144,r4,104.275
2560,6144,simd1,97.272
2560,6144,simd4,94.513
2560,12288,original,180.768
2560,12288,r4,177.187
2560,12288,simd1,174.593
2560,12288,simd4,174.129
10240,2560,original,122.867
10240,2560,r4,130.145
10240,2560,simd1,147.897
10240,2560,simd4,157.504
6144,2560,original,88.753
6144,2560,r4,86.199
6144,2560,simd1,85.715
6144,2560,simd4,88.108
512,2560,original,28.156
512,2560,r4,26.963
512,2560,simd1,29.318
512,2560,simd4,23.961
2560,640,original,22.021
2560,640,r4,22.529
2560,640,simd1,21.903
2560,640,simd4,21.430
IQ4 decode: 1141248 outputs, 0 bit differences, 0 nonfinite
