K,N,layout,us
2560,248320,original,3234.990
2560,248320,expanded,3499.046
2560,248320,half,5304.484
2560,10240,original,274.786
2560,10240,expanded,144.863
2560,10240,half,146.759
2560,6144,original,136.356
2560,6144,expanded,76.156
2560,6144,half,71.438
2560,12288,original,205.083
2560,12288,expanded,118.593
2560,12288,half,168.739
10240,2560,original,122.263
10240,2560,expanded,79.199
10240,2560,half,126.734
6144,2560,original,73.326
6144,2560,expanded,49.825
6144,2560,half,52.387
512,2560,original,38.995
512,2560,expanded,19.526
512,2560,half,17.748
2560,640,original,24.640
2560,640,expanded,16.758
2560,640,half,14.802
IQ4 decode: 855936 outputs, 0 bit differences, 0 nonfinite, 0 representation/lifetime errors
