libc++abi: terminating due to uncaught exception of type std::invalid_argument: native MMVQ requires n_in > 0 and divisible by its block element count
K,N,layout,us
2560,248320,original,3285.334
2560,248320,r4,3728.473
2560,248320,simd1,3070.804
2560,248320,simd4,3302.119
2560,10240,original,154.541
2560,10240,r4,149.145
2560,10240,simd1,141.292
2560,10240,simd4,143.540
2560,6144,original,96.648
2560,6144,r4,93.461
2560,6144,simd1,86.959
2560,6144,simd4,86.532
2560,12288,original,159.848
2560,12288,r4,158.633
2560,12288,simd1,148.391
2560,12288,simd4,149.431
10240,2560,original,100.484
10240,2560,r4,117.279
10240,2560,simd1,120.827
10240,2560,simd4,116.498
6144,2560,original,66.040
6144,2560,r4,76.285
6144,2560,simd1,75.486
6144,2560,simd4,72.250
